Archive member included to satisfy reference by file (symbol)

/usr/lib/gcc/arm-none-eabi/12.2.1/thumb/v6-m/nofp/libgcc.a(_dvmd_tls.o)
                              CMakeFiles/hermes_vi.dir/home/kostas/Desktop/Pico-SDK/pico-sdk/src/rp2_common/pico_divider/divider.S.obj (__aeabi_idiv0)
/usr/lib/gcc/arm-none-eabi/12.2.1/../../../arm-none-eabi/lib/thumb/v6-m/nofp/libc.a(lib_a-atexit.o)
                              /usr/lib/gcc/arm-none-eabi/12.2.1/../../../arm-none-eabi/lib/thumb/v6-m/nofp/crt0.o (atexit)
/usr/lib/gcc/arm-none-eabi/12.2.1/../../../arm-none-eabi/lib/thumb/v6-m/nofp/libc.a(lib_a-calloc.o)
                              CMakeFiles/hermes_vi.dir/home/kostas/Desktop/Pico-SDK/pico-sdk/src/rp2_common/pico_malloc/pico_malloc.c.obj (calloc)
/usr/lib/gcc/arm-none-eabi/12.2.1/../../../arm-none-eabi/lib/thumb/v6-m/nofp/libc.a(lib_a-callocr.o)
                              /usr/lib/gcc/arm-none-eabi/12.2.1/../../../arm-none-eabi/lib/thumb/v6-m/nofp/libc.a(lib_a-calloc.o) (_calloc_r)
/usr/lib/gcc/arm-none-eabi/12.2.1/../../../arm-none-eabi/lib/thumb/v6-m/nofp/libc.a(lib_a-fini.o)
                              /usr/lib/gcc/arm-none-eabi/12.2.1/../../../arm-none-eabi/lib/thumb/v6-m/nofp/crt0.o (__libc_fini_array)
/usr/lib/gcc/arm-none-eabi/12.2.1/../../../arm-none-eabi/lib/thumb/v6-m/nofp/libc.a(lib_a-impure.o)
                              /usr/lib/gcc/arm-none-eabi/12.2.1/../../../arm-none-eabi/lib/thumb/v6-m/nofp/libc.a(lib_a-calloc.o) (_impure_ptr)
/usr/lib/gcc/arm-none-eabi/12.2.1/../../../arm-none-eabi/lib/thumb/v6-m/nofp/libc.a(lib_a-init.o)
                              /usr/lib/gcc/arm-none-eabi/12.2.1/../../../arm-none-eabi/lib/thumb/v6-m/nofp/crt0.o (__libc_init_array)
/usr/lib/gcc/arm-none-eabi/12.2.1/../../../arm-none-eabi/lib/thumb/v6-m/nofp/libc.a(lib_a-malloc.o)
                              CMakeFiles/hermes_vi.dir/home/kostas/Desktop/Pico-SDK/pico-sdk/src/rp2_common/pico_malloc/pico_malloc.c.obj (malloc)
/usr/lib/gcc/arm-none-eabi/12.2.1/../../../arm-none-eabi/lib/thumb/v6-m/nofp/libc.a(lib_a-mallocr.o)
                              /usr/lib/gcc/arm-none-eabi/12.2.1/../../../arm-none-eabi/lib/thumb/v6-m/nofp/libc.a(lib_a-callocr.o) (_malloc_r)
/usr/lib/gcc/arm-none-eabi/12.2.1/../../../arm-none-eabi/lib/thumb/v6-m/nofp/libc.a(lib_a-mlock.o)
                              /usr/lib/gcc/arm-none-eabi/12.2.1/../../../arm-none-eabi/lib/thumb/v6-m/nofp/libc.a(lib_a-mallocr.o) (__malloc_lock)
/usr/lib/gcc/arm-none-eabi/12.2.1/../../../arm-none-eabi/lib/thumb/v6-m/nofp/libc.a(lib_a-realloc.o)
                              CMakeFiles/hermes_vi.dir/home/kostas/Desktop/Pico-SDK/pico-sdk/src/rp2_common/pico_malloc/pico_malloc.c.obj (realloc)
/usr/lib/gcc/arm-none-eabi/12.2.1/../../../arm-none-eabi/lib/thumb/v6-m/nofp/libc.a(lib_a-reallocr.o)
                              /usr/lib/gcc/arm-none-eabi/12.2.1/../../../arm-none-eabi/lib/thumb/v6-m/nofp/libc.a(lib_a-realloc.o) (_realloc_r)
/usr/lib/gcc/arm-none-eabi/12.2.1/../../../arm-none-eabi/lib/thumb/v6-m/nofp/libc.a(lib_a-sbrkr.o)
                              /usr/lib/gcc/arm-none-eabi/12.2.1/../../../arm-none-eabi/lib/thumb/v6-m/nofp/libc.a(lib_a-mallocr.o) (_sbrk_r)
/usr/lib/gcc/arm-none-eabi/12.2.1/../../../arm-none-eabi/lib/thumb/v6-m/nofp/libc.a(lib_a-strlen-stub.o)
                              CMakeFiles/hermes_vi.dir/home/kostas/Desktop/Pico-SDK/pico-sdk/src/rp2_common/pico_stdio/stdio.c.obj (strlen)
/usr/lib/gcc/arm-none-eabi/12.2.1/../../../arm-none-eabi/lib/thumb/v6-m/nofp/libc.a(lib_a-__atexit.o)
                              /usr/lib/gcc/arm-none-eabi/12.2.1/../../../arm-none-eabi/lib/thumb/v6-m/nofp/libc.a(lib_a-atexit.o) (__register_exitproc)
/usr/lib/gcc/arm-none-eabi/12.2.1/../../../arm-none-eabi/lib/thumb/v6-m/nofp/libc.a(lib_a-freer.o)
                              /usr/lib/gcc/arm-none-eabi/12.2.1/../../../arm-none-eabi/lib/thumb/v6-m/nofp/libc.a(lib_a-malloc.o) (_free_r)
/usr/lib/gcc/arm-none-eabi/12.2.1/../../../arm-none-eabi/lib/thumb/v6-m/nofp/libc.a(lib_a-memmove.o)
                              /usr/lib/gcc/arm-none-eabi/12.2.1/../../../arm-none-eabi/lib/thumb/v6-m/nofp/libc.a(lib_a-reallocr.o) (memmove)
/usr/lib/gcc/arm-none-eabi/12.2.1/../../../arm-none-eabi/lib/thumb/v6-m/nofp/libc.a(lib_a-reent.o)
                              /usr/lib/gcc/arm-none-eabi/12.2.1/../../../arm-none-eabi/lib/thumb/v6-m/nofp/libc.a(lib_a-sbrkr.o) (errno)

Discarded input sections

 .text          0x00000000        0x0 /usr/lib/gcc/arm-none-eabi/12.2.1/thumb/v6-m/nofp/crti.o
 .data          0x00000000        0x0 /usr/lib/gcc/arm-none-eabi/12.2.1/thumb/v6-m/nofp/crti.o
 .bss           0x00000000        0x0 /usr/lib/gcc/arm-none-eabi/12.2.1/thumb/v6-m/nofp/crti.o
 .data          0x00000000        0x4 /usr/lib/gcc/arm-none-eabi/12.2.1/thumb/v6-m/nofp/crtbegin.o
 .rodata        0x00000000       0x24 /usr/lib/gcc/arm-none-eabi/12.2.1/thumb/v6-m/nofp/crtbegin.o
[...]
Memory Configuration

Name             Origin             Length             Attributes
FLASH            0x10000000         0x00200000         xr
RAM              0x20000000         0x00040000         xrw
SCRATCH_X        0x20040000         0x00001000         xrw
SCRATCH_Y        0x20041000         0x00001000         xrw
*default*        0x00000000         0xffffffff

Linker script and memory map

LOAD /usr/lib/gcc/arm-none-eabi/12.2.1/thumb/v6-m/nofp/crti.o
LOAD /usr/lib/gcc/arm-none-eabi/12.2.1/thumb/v6-m/nofp/crtbegin.o
LOAD /usr/lib/gcc/arm-none-eabi/12.2.1/../../../arm-none-eabi/lib/thumb/v6-m/nofp/crt0.o

.flash_begin    0x10000000        0x0
                0x10000000                        __flash_binary_start = .

.boot2          0x10000000      0x100
                0x10000000                        __boot2_start__ = .
 *(.boot2)
 .boot2         0x10000000      0x100 /tmp/cc9foMpK.o
                0x10000100                        __boot2_end__ = .
                0x00000001                        ASSERT (((__boot2_end__ - __boot2_start__) == 0x100), ERROR: Pico second stage bootloader must be 256 bytes in size)

.text           0x10000100     0x74d0
                0x10000100                        __logical_binary_start = .
 *(.vectors)
 .vectors       0x10000100       0xd4 CMakeFiles/hermes_vi.dir/home/kostas/Desktop/Pico-SDK/pico-sdk/src/rp2_common/pico_standard_link/crt0.S.obj
                0x10000100                __vectors
                0x10000100                __VECTOR_TABLE
                0x100001c0                isr_invalid
                0x100001c0                __default_isrs_start
                0x100001c2                isr_nmi
                0x100001c4                isr_hardfault
                0x100001c6                isr_svcall
                0x100001c8                isr_pendsv
                0x100001ca                isr_systick
                0x100001cc                isr_irq30
                0x100001cc                __unhandled_user_irq
                0x100001cc                isr_irq13
                0x100001cc                isr_irq27
                0x100001cc                isr_irq31
                0x100001cc                isr_irq5
                0x100001cc                isr_irq11
                0x100001cc                isr_irq23
                0x100001cc                isr_irq18
                0x100001cc                isr_irq28
                0x100001cc                isr_irq19
                0x100001cc                isr_irq0
                0x100001cc                isr_irq6
                0x100001cc                isr_irq22
                0x100001cc                isr_irq17
                0x100001cc                isr_irq14
                0x100001cc                isr_irq2
                0x100001cc                isr_irq10
                0x100001cc                isr_irq8
                0x100001cc                isr_irq24
                0x100001cc                isr_irq1
                0x100001cc                isr_irq7
                0x100001cc                isr_irq21
                0x100001cc                isr_irq20
                0x100001cc                isr_irq15
                0x100001cc                isr_irq25
                0x100001cc                isr_irq4
                0x100001cc                isr_irq16
                0x100001cc                isr_irq29
                0x100001cc                isr_irq26
                0x100001cc                __default_isrs_end
                0x100001cc                isr_irq3
                0x100001cc                isr_irq12
                0x100001cc                isr_irq9
                0x100001d2                unhandled_user_irq_num_in_r0
 *(.binary_info_header)
 .binary_info_header
                0x100001d4       0x14 CMakeFiles/hermes_vi.dir/home/kostas/Desktop/Pico-SDK/pico-sdk/src/rp2_common/pico_standard_link/crt0.S.obj
                0x100001e8                        __binary_info_header_end = .
 *(.reset)
 .reset         0x100001e8       0xa0 CMakeFiles/hermes_vi.dir/home/kostas/Desktop/Pico-SDK/pico-sdk/src/rp2_common/pico_standard_link/crt0.S.obj
                0x100001e8                _entry_point
 .reset         0x10000288       0x30 CMakeFiles/hermes_vi.dir/home/kostas/Desktop/Pico-SDK/pico-sdk/src/rp2_common/pico_standard_link/binary_info.c.obj
 *(.init)
 .init          0x100002b8        0x4 /usr/lib/gcc/arm-none-eabi/12.2.1/thumb/v6-m/nofp/crti.o
                0x100002b8                _init
 *(EXCLUDE_FILE(*libm.a: *libc.a:*lib_a-mem*.o *libgcc.a:) .text*)
 .text          0x100002bc       0x98 /usr/lib/gcc/arm-none-eabi/12.2.1/thumb/v6-m/nofp/crtbegin.o
 .text.core1_entry
                0x10000354       0x30 CMakeFiles/hermes_vi.dir/src/main.c.obj
                0x10000354                core1_entry
 .text.initialise_all
                0x10000384       0x24 CMakeFiles/hermes_vi.dir/src/main.c.obj
                0x10000384                initialise_all
 .text.startup.main
                0x100003a8       0x88 CMakeFiles/hermes_vi.dir/src/main.c.obj
                0x100003a8                main
 .text.get_average_current
                0x10000430       0xec CMakeFiles/hermes_vi.dir/src/current.c.obj
                0x10000430                get_average_current
 .text.init_current
                0x1000051c       0x38 CMakeFiles/hermes_vi.dir/src/current.c.obj
                0x1000051c                init_current
 .text.adc_to_current
                0x10000554       0x4c CMakeFiles/hermes_vi.dir/src/current.c.obj
                0x10000554                adc_to_current
 .text.update_current_blocking
                0x100005a0       0x2c CMakeFiles/hermes_vi.dir/src/current.c.obj
                0x100005a0                update_current_blocking
 .text.initialise_hermes_state
                0x100005cc       0x28 CMakeFiles/hermes_vi.dir/src/hermes.c.obj
                0x100005cc                initialise_hermes_state
 .text.get_current_value
                0x100005f4       0x1c CMakeFiles/hermes_vi.dir/src/hermes.c.obj
                0x100005f4                get_current_value
 .text.interrupt_handler
                0x10000610      0x10c CMakeFiles/hermes_vi.dir/src/receiver.c.obj
                0x10000610                interrupt_handler
 .text.init_receiver_status
                0x1000071c       0x34 CMakeFiles/hermes_vi.dir/src/receiver.c.obj
                0x1000071c                init_receiver_status
 .text.control_throttle
                0x10000750      0x1f4 CMakeFiles/hermes_vi.dir/src/control.c.obj
                0x10000750                control_throttle
 .text.gpio_default_irq_handler
                0x10000944      0x204 CMakeFiles/hermes_vi.dir/home/kostas/Desktop/Pico-SDK/pico-sdk/src/rp2_common/hardware_gpio/gpio.c.obj
 .text.gpio_set_function
                0x10000b48       0x30 CMakeFiles/hermes_vi.dir/home/kostas/Desktop/Pico-SDK/pico-sdk/src/rp2_common/hardware_gpio/gpio.c.obj
                0x10000b48                gpio_set_function
 .text.gpio_set_pulls
                0x10000b78       0x24 CMakeFiles/hermes_vi.dir/home/kostas/Desktop/Pico-SDK/pico-sdk/src/rp2_common/hardware_gpio/gpio.c.obj
                0x10000b78                gpio_set_pulls
 .text.gpio_set_irq_enabled_with_callback
                0x10000b9c       0xc4 CMakeFiles/hermes_vi.dir/home/kostas/Desktop/Pico-SDK/pico-sdk/src/rp2_common/hardware_gpio/gpio.c.obj
                0x10000b9c                gpio_set_irq_enabled_with_callback
 .text.gpio_set_input_enabled
                0x10000c60       0x28 CMakeFiles/hermes_vi.dir/home/kostas/Desktop/Pico-SDK/pico-sdk/src/rp2_common/hardware_gpio/gpio.c.obj
                0x10000c60                gpio_set_input_enabled
 .text.gpio_init
                0x10000c88       0x3c CMakeFiles/hermes_vi.dir/home/kostas/Desktop/Pico-SDK/pico-sdk/src/rp2_common/hardware_gpio/gpio.c.obj
                0x10000c88                gpio_init
 .text.running_on_fpga
                0x10000cc4       0x10 CMakeFiles/hermes_vi.dir/home/kostas/Desktop/Pico-SDK/pico-sdk/src/rp2_common/pico_platform/platform.c.obj
                0x10000cc4                running_on_fpga
 .text.hw_claim_or_assert
                0x10000cd4       0x44 CMakeFiles/hermes_vi.dir/home/kostas/Desktop/Pico-SDK/pico-sdk/src/rp2_common/hardware_claim/claim.c.obj
                0x10000cd4                hw_claim_or_assert
 .text.hw_claim_unused_from_range
                0x10000d18       0x9c CMakeFiles/hermes_vi.dir/home/kostas/Desktop/Pico-SDK/pico-sdk/src/rp2_common/hardware_claim/claim.c.obj
                0x10000d18                hw_claim_unused_from_range
 .text.spin_locks_reset
                0x10000db4       0x1c CMakeFiles/hermes_vi.dir/home/kostas/Desktop/Pico-SDK/pico-sdk/src/rp2_common/hardware_sync/sync.c.obj
                0x10000db4                spin_locks_reset
 .text.next_striped_spin_lock_num
                0x10000dd0       0x18 CMakeFiles/hermes_vi.dir/home/kostas/Desktop/Pico-SDK/pico-sdk/src/rp2_common/hardware_sync/sync.c.obj
                0x10000dd0                next_striped_spin_lock_num
 .text.spin_lock_claim_unused
                0x10000de8       0x24 CMakeFiles/hermes_vi.dir/home/kostas/Desktop/Pico-SDK/pico-sdk/src/rp2_common/hardware_sync/sync.c.obj
                0x10000de8                spin_lock_claim_unused
 .text.irq_set_enabled
                0x10000e0c       0x24 CMakeFiles/hermes_vi.dir/home/kostas/Desktop/Pico-SDK/pico-sdk/src/rp2_common/hardware_irq/irq.c.obj
                0x10000e0c                irq_set_enabled
 .text.irq_is_enabled
                0x10000e30       0x18 CMakeFiles/hermes_vi.dir/home/kostas/Desktop/Pico-SDK/pico-sdk/src/rp2_common/hardware_irq/irq.c.obj
                0x10000e30                irq_is_enabled
 .text.irq_set_pending
                0x10000e48       0x10 CMakeFiles/hermes_vi.dir/home/kostas/Desktop/Pico-SDK/pico-sdk/src/rp2_common/hardware_irq/irq.c.obj
                0x10000e48                irq_set_pending
 .text.irq_has_shared_handler
                0x10000e58       0x2c CMakeFiles/hermes_vi.dir/home/kostas/Desktop/Pico-SDK/pico-sdk/src/rp2_common/hardware_irq/irq.c.obj
                0x10000e58                irq_has_shared_handler
 .text.irq_get_vtable_handler
                0x10000e84       0x10 CMakeFiles/hermes_vi.dir/home/kostas/Desktop/Pico-SDK/pico-sdk/src/rp2_common/hardware_irq/irq.c.obj
                0x10000e84                irq_get_vtable_handler
 .text.irq_set_exclusive_handler
                0x10000e94       0x54 CMakeFiles/hermes_vi.dir/home/kostas/Desktop/Pico-SDK/pico-sdk/src/rp2_common/hardware_irq/irq.c.obj
                0x10000e94                irq_set_exclusive_handler
 .text.irq_add_shared_handler
                0x10000ee8      0x1f4 CMakeFiles/hermes_vi.dir/home/kostas/Desktop/Pico-SDK/pico-sdk/src/rp2_common/hardware_irq/irq.c.obj
                0x10000ee8                irq_add_shared_handler
 .text.irq_remove_handler
                0x100010dc      0x1c4 CMakeFiles/hermes_vi.dir/home/kostas/Desktop/Pico-SDK/pico-sdk/src/rp2_common/hardware_irq/irq.c.obj
                0x100010dc                irq_remove_handler
 .text.irq_add_tail_to_free_list
                0x100012a0       0xb4 CMakeFiles/hermes_vi.dir/home/kostas/Desktop/Pico-SDK/pico-sdk/src/rp2_common/hardware_irq/irq.c.obj
                0x100012a0                irq_add_tail_to_free_list
 .text.irq_init_priorities
                0x10001354       0x24 CMakeFiles/hermes_vi.dir/home/kostas/Desktop/Pico-SDK/pico-sdk/src/rp2_common/hardware_irq/irq.c.obj
                0x10001354                irq_init_priorities
 .text.user_irq_claim_unused
                0x10001378       0x2c CMakeFiles/hermes_vi.dir/home/kostas/Desktop/Pico-SDK/pico-sdk/src/rp2_common/hardware_irq/irq.c.obj
                0x10001378                user_irq_claim_unused
 .text.lock_init
                0x100013a4       0x10 CMakeFiles/hermes_vi.dir/home/kostas/Desktop/Pico-SDK/pico-sdk/src/common/pico_sync/lock_core.c.obj
                0x100013a4                lock_init
 .text.mutex_init
                0x100013b4       0x1c CMakeFiles/hermes_vi.dir/home/kostas/Desktop/Pico-SDK/pico-sdk/src/common/pico_sync/mutex.c.obj
                0x100013b4                mutex_init
 .text.recursive_mutex_init
                0x100013d0       0x1c CMakeFiles/hermes_vi.dir/home/kostas/Desktop/Pico-SDK/pico-sdk/src/common/pico_sync/mutex.c.obj
                0x100013d0                recursive_mutex_init
 .text.critical_section_init
                0x100013ec       0x1c CMakeFiles/hermes_vi.dir/home/kostas/Desktop/Pico-SDK/pico-sdk/src/common/pico_sync/critical_section.c.obj
                0x100013ec                critical_section_init
 .text.critical_section_init_with_lock_num
                0x10001408       0x14 CMakeFiles/hermes_vi.dir/home/kostas/Desktop/Pico-SDK/pico-sdk/src/common/pico_sync/critical_section.c.obj
                0x10001408                critical_section_init_with_lock_num
 .text.timer_pool_entry_comparator
                0x1000141c       0x34 CMakeFiles/hermes_vi.dir/home/kostas/Desktop/Pico-SDK/pico-sdk/src/common/pico_time/time.c.obj
                0x1000141c                timer_pool_entry_comparator
 .text.sleep_until_callback
                0x10001450       0x30 CMakeFiles/hermes_vi.dir/home/kostas/Desktop/Pico-SDK/pico-sdk/src/common/pico_time/time.c.obj
 .text.add_alarm_under_lock.isra.0
                0x10001480      0x100 CMakeFiles/hermes_vi.dir/home/kostas/Desktop/Pico-SDK/pico-sdk/src/common/pico_time/time.c.obj
 .text.alarm_pool_alarm_callback
                0x10001580      0x1c0 CMakeFiles/hermes_vi.dir/home/kostas/Desktop/Pico-SDK/pico-sdk/src/common/pico_time/time.c.obj
 .text.alarm_pool_init_default
                0x10001740       0x6c CMakeFiles/hermes_vi.dir/home/kostas/Desktop/Pico-SDK/pico-sdk/src/common/pico_time/time.c.obj
                0x10001740                alarm_pool_init_default
 .text.alarm_pool_get_default
                0x100017ac        0x8 CMakeFiles/hermes_vi.dir/home/kostas/Desktop/Pico-SDK/pico-sdk/src/common/pico_time/time.c.obj
                0x100017ac                alarm_pool_get_default
 .text.alarm_pool_add_alarm_at
                0x100017b4      0x188 CMakeFiles/hermes_vi.dir/home/kostas/Desktop/Pico-SDK/pico-sdk/src/common/pico_time/time.c.obj
                0x100017b4                alarm_pool_add_alarm_at
 .text.alarm_pool_core_num
                0x1000193c        0x4 CMakeFiles/hermes_vi.dir/home/kostas/Desktop/Pico-SDK/pico-sdk/src/common/pico_time/time.c.obj
                0x1000193c                alarm_pool_core_num
 .text.best_effort_wfe_or_timeout
                0x10001940       0xec CMakeFiles/hermes_vi.dir/home/kostas/Desktop/Pico-SDK/pico-sdk/src/common/pico_time/time.c.obj
                0x10001940                best_effort_wfe_or_timeout
 .text.hardware_alarm_irq_handler
                0x10001a2c       0xbc CMakeFiles/hermes_vi.dir/home/kostas/Desktop/Pico-SDK/pico-sdk/src/rp2_common/hardware_timer/timer.c.obj
 .text.hardware_alarm_claim
                0x10001ae8       0x18 CMakeFiles/hermes_vi.dir/home/kostas/Desktop/Pico-SDK/pico-sdk/src/rp2_common/hardware_timer/timer.c.obj
                0x10001ae8                hardware_alarm_claim
 .text.time_us_64
                0x10001b00       0x14 CMakeFiles/hermes_vi.dir/home/kostas/Desktop/Pico-SDK/pico-sdk/src/rp2_common/hardware_timer/timer.c.obj
                0x10001b00                time_us_64
 .text.hardware_alarm_set_callback
                0x10001b14       0x8c CMakeFiles/hermes_vi.dir/home/kostas/Desktop/Pico-SDK/pico-sdk/src/rp2_common/hardware_timer/timer.c.obj
                0x10001b14                hardware_alarm_set_callback
 .text.hardware_alarm_set_target
                0x10001ba0       0xd0 CMakeFiles/hermes_vi.dir/home/kostas/Desktop/Pico-SDK/pico-sdk/src/rp2_common/hardware_timer/timer.c.obj
                0x10001ba0                hardware_alarm_set_target
 .text.hardware_alarm_cancel
                0x10001c70       0x3c CMakeFiles/hermes_vi.dir/home/kostas/Desktop/Pico-SDK/pico-sdk/src/rp2_common/hardware_timer/timer.c.obj
                0x10001c70                hardware_alarm_cancel
 .text.ph_merge_nodes
                0x10001cac       0x64 CMakeFiles/hermes_vi.dir/home/kostas/Desktop/Pico-SDK/pico-sdk/src/common/pico_util/pheap.c.obj
 .text.ph_post_alloc_init
                0x10001d10       0x3c CMakeFiles/hermes_vi.dir/home/kostas/Desktop/Pico-SDK/pico-sdk/src/common/pico_util/pheap.c.obj
                0x10001d10                ph_post_alloc_init
 .text.ph_merge_two_pass
                0x10001d4c       0x98 CMakeFiles/hermes_vi.dir/home/kostas/Desktop/Pico-SDK/pico-sdk/src/common/pico_util/pheap.c.obj
                0x10001d4c                ph_merge_two_pass
 .text.ph_remove_any_head
                0x10001de4      0x100 CMakeFiles/hermes_vi.dir/home/kostas/Desktop/Pico-SDK/pico-sdk/src/common/pico_util/pheap.c.obj
 .text.ph_remove_head
                0x10001ee4      0x104 CMakeFiles/hermes_vi.dir/home/kostas/Desktop/Pico-SDK/pico-sdk/src/common/pico_util/pheap.c.obj
                0x10001ee4                ph_remove_head
 .text.ph_remove_and_free_node
                0x10001fe8       0x78 CMakeFiles/hermes_vi.dir/home/kostas/Desktop/Pico-SDK/pico-sdk/src/common/pico_util/pheap.c.obj
                0x10001fe8                ph_remove_and_free_node
 .text.clocks_init
                0x10002060      0x2c8 CMakeFiles/hermes_vi.dir/home/kostas/Desktop/Pico-SDK/pico-sdk/src/rp2_common/hardware_clocks/clocks.c.obj
                0x10002060                clocks_init
 .text.pll_init
                0x10002328       0xa0 CMakeFiles/hermes_vi.dir/home/kostas/Desktop/Pico-SDK/pico-sdk/src/rp2_common/hardware_pll/pll.c.obj
                0x10002328                pll_init
 .text.watchdog_start_tick
                0x100023c8       0x10 CMakeFiles/hermes_vi.dir/home/kostas/Desktop/Pico-SDK/pico-sdk/src/rp2_common/hardware_watchdog/watchdog.c.obj
                0x100023c8                watchdog_start_tick
 .text.watchdog_reboot
                0x100023d8       0x9c CMakeFiles/hermes_vi.dir/home/kostas/Desktop/Pico-SDK/pico-sdk/src/rp2_common/hardware_watchdog/watchdog.c.obj
                0x100023d8                watchdog_reboot
 .text.xosc_init
                0x10002474       0x28 CMakeFiles/hermes_vi.dir/home/kostas/Desktop/Pico-SDK/pico-sdk/src/rp2_common/hardware_xosc/xosc.c.obj
                0x10002474                xosc_init
 .text.runtime_init
                0x1000249c       0xf0 CMakeFiles/hermes_vi.dir/home/kostas/Desktop/Pico-SDK/pico-sdk/src/rp2_common/pico_runtime/runtime.c.obj
                0x1000249c                runtime_init
 .text._exit    0x1000258c        0x4 CMakeFiles/hermes_vi.dir/home/kostas/Desktop/Pico-SDK/pico-sdk/src/rp2_common/pico_runtime/runtime.c.obj
                0x1000258c                _exit
 .text.exit     0x10002590        0x8 CMakeFiles/hermes_vi.dir/home/kostas/Desktop/Pico-SDK/pico-sdk/src/rp2_common/pico_runtime/runtime.c.obj
                0x10002590                exit
 .text.panic    0x10002598       0x30 CMakeFiles/hermes_vi.dir/home/kostas/Desktop/Pico-SDK/pico-sdk/src/rp2_common/pico_runtime/runtime.c.obj
                0x10002598                panic
 .text.hard_assertion_failure
                0x100025c8        0xc CMakeFiles/hermes_vi.dir/home/kostas/Desktop/Pico-SDK/pico-sdk/src/rp2_common/pico_runtime/runtime.c.obj
                0x100025c8                hard_assertion_failure
 .text._out_null
                0x100025d4        0x4 CMakeFiles/hermes_vi.dir/home/kostas/Desktop/Pico-SDK/pico-sdk/src/rp2_common/pico_printf/printf.c.obj
 .text._out_rev
                0x100025d8       0x90 CMakeFiles/hermes_vi.dir/home/kostas/Desktop/Pico-SDK/pico-sdk/src/rp2_common/pico_printf/printf.c.obj
 .text._ntoa_format
                0x10002668      0x1f4 CMakeFiles/hermes_vi.dir/home/kostas/Desktop/Pico-SDK/pico-sdk/src/rp2_common/pico_printf/printf.c.obj
 .text._out_char
                0x1000285c       0x10 CMakeFiles/hermes_vi.dir/home/kostas/Desktop/Pico-SDK/pico-sdk/src/rp2_common/pico_printf/printf.c.obj
 .text._out_fct
                0x1000286c       0x10 CMakeFiles/hermes_vi.dir/home/kostas/Desktop/Pico-SDK/pico-sdk/src/rp2_common/pico_printf/printf.c.obj
 .text._etoa    0x1000287c      0x454 CMakeFiles/hermes_vi.dir/home/kostas/Desktop/Pico-SDK/pico-sdk/src/rp2_common/pico_printf/printf.c.obj
 .text._ftoa    0x10002cd0      0x3c4 CMakeFiles/hermes_vi.dir/home/kostas/Desktop/Pico-SDK/pico-sdk/src/rp2_common/pico_printf/printf.c.obj
 .text._vsnprintf
                0x10003094      0xb24 CMakeFiles/hermes_vi.dir/home/kostas/Desktop/Pico-SDK/pico-sdk/src/rp2_common/pico_printf/printf.c.obj
 .text.vfctprintf
                0x10003bb8       0x20 CMakeFiles/hermes_vi.dir/home/kostas/Desktop/Pico-SDK/pico-sdk/src/rp2_common/pico_printf/printf.c.obj
                0x10003bb8                vfctprintf
 .text.weak_raw_vprintf
                0x10003bd8       0x30 CMakeFiles/hermes_vi.dir/home/kostas/Desktop/Pico-SDK/pico-sdk/src/rp2_common/pico_printf/printf.c.obj
                0x10003bd8                weak_raw_vprintf
 .text          0x10003c08       0x10 CMakeFiles/hermes_vi.dir/home/kostas/Desktop/Pico-SDK/pico-sdk/src/rp2_common/pico_bit_ops/bit_ops_aeabi.S.obj
 .text.rom_func_lookup
                0x10003c18       0x10 CMakeFiles/hermes_vi.dir/home/kostas/Desktop/Pico-SDK/pico-sdk/src/rp2_common/pico_bootrom/bootrom.c.obj
                0x10003c18                rom_func_lookup
 .text.rom_data_lookup
                0x10003c28       0x10 CMakeFiles/hermes_vi.dir/home/kostas/Desktop/Pico-SDK/pico-sdk/src/rp2_common/pico_bootrom/bootrom.c.obj
                0x10003c28                rom_data_lookup
 .text.rom_funcs_lookup
                0x10003c38       0x44 CMakeFiles/hermes_vi.dir/home/kostas/Desktop/Pico-SDK/pico-sdk/src/rp2_common/pico_bootrom/bootrom.c.obj
                0x10003c38                rom_funcs_lookup
 .text.__wrap___aeabi_idiv
                0x10003c7c       0x50 CMakeFiles/hermes_vi.dir/home/kostas/Desktop/Pico-SDK/pico-sdk/src/rp2_common/pico_divider/divider.S.obj
                0x10003c7c                __wrap___aeabi_idivmod
                0x10003c7c                divmod_s32s32
                0x10003c7c                div_s32s32
                0x10003c7c                __wrap___aeabi_idiv
                0x10003c84                divmod_s32s32_unsafe
                0x10003cb0                divmod_s32s32_savestate
 .text.__wrap___aeabi_uidiv
                0x10003ccc       0x4c CMakeFiles/hermes_vi.dir/home/kostas/Desktop/Pico-SDK/pico-sdk/src/rp2_common/pico_divider/divider.S.obj
                0x10003ccc                __wrap___aeabi_uidiv
                0x10003ccc                __wrap___aeabi_uidivmod
                0x10003ccc                div_u32u32
                0x10003ccc                divmod_u32u32
                0x10003cd4                divmod_u32u32_unsafe
                0x10003cfc                divmod_u32u32_savestate
 .text.__wrap___aeabi_ldiv
                0x10003d18      0x424 CMakeFiles/hermes_vi.dir/home/kostas/Desktop/Pico-SDK/pico-sdk/src/rp2_common/pico_divider/divider.S.obj
                0x10003d18                div_s64s64
                0x10003d18                divmod_s64s64
                0x10003d18                __wrap___aeabi_ldivmod
                0x10003d48                div_u64u64
                0x10003d48                divmod_u64u64
                0x10003d48                __wrap___aeabi_uldivmod
                0x10003d58                divmod_u64u64_savestate
                0x10003d78                divmod_s64s64_unsafe
                0x10003e00                divmod_u64u64_unsafe
 .text.__wrap___aeabi_darithmetic
                0x1000413c       0x80 CMakeFiles/hermes_vi.dir/home/kostas/Desktop/Pico-SDK/pico-sdk/src/rp2_common/pico_double/double_aeabi.S.obj
                0x1000413c                __wrap___aeabi_drsub
                0x10004142                __wrap___aeabi_dsub
                0x10004154                __wrap___aeabi_dadd
                0x10004166                __wrap___aeabi_ddiv
                0x100041a2                __wrap___aeabi_dmul
 .text.__wrap___aeabi_cdcmple
                0x100041bc       0x6c CMakeFiles/hermes_vi.dir/home/kostas/Desktop/Pico-SDK/pico-sdk/src/rp2_common/pico_double/double_aeabi.S.obj
                0x100041bc                __wrap___aeabi_cdrcmple
                0x100041cc                __wrap___aeabi_cdcmple
                0x100041cc                __wrap___aeabi_cdcmpeq
 .text.__wrap___aeabi_dcmplt
                0x10004228        0xc CMakeFiles/hermes_vi.dir/home/kostas/Desktop/Pico-SDK/pico-sdk/src/rp2_common/pico_double/double_aeabi.S.obj
                0x10004228                __wrap___aeabi_dcmplt
 .text.__wrap___aeabi_dcmpge
                0x10004234       0x10 CMakeFiles/hermes_vi.dir/home/kostas/Desktop/Pico-SDK/pico-sdk/src/rp2_common/pico_double/double_aeabi.S.obj
                0x10004234                __wrap___aeabi_dcmpge
 .text.__wrap___aeabi_dcmpgt
                0x10004244        0xa CMakeFiles/hermes_vi.dir/home/kostas/Desktop/Pico-SDK/pico-sdk/src/rp2_common/pico_double/double_aeabi.S.obj
                0x10004244                __wrap___aeabi_dcmpgt
 .text.__wrap___aeabi_dcmpun
                0x1000424e       0x1c CMakeFiles/hermes_vi.dir/home/kostas/Desktop/Pico-SDK/pico-sdk/src/rp2_common/pico_double/double_aeabi.S.obj
                0x1000424e                __wrap___aeabi_dcmpun
 *fill*         0x1000426a        0x2 
 .text.__wrap___aeabi_i2d
                0x1000426c       0x38 CMakeFiles/hermes_vi.dir/home/kostas/Desktop/Pico-SDK/pico-sdk/src/rp2_common/pico_double/double_aeabi.S.obj
                0x1000426c                __wrap___aeabi_ui2d
                0x10004274                __wrap___aeabi_i2d
 .text.__wrap___aeabi_d2iz
                0x100042a4       0x48 CMakeFiles/hermes_vi.dir/home/kostas/Desktop/Pico-SDK/pico-sdk/src/rp2_common/pico_double/double_aeabi.S.obj
                0x100042a4                __wrap___aeabi_d2iz
                0x100042a4                double2int_z
 .text.__wrap___aeabi_d2uiz
                0x100042ec       0x18 CMakeFiles/hermes_vi.dir/home/kostas/Desktop/Pico-SDK/pico-sdk/src/rp2_common/pico_double/double_aeabi.S.obj
                0x100042ec                double2uint
                0x100042ec                __wrap___aeabi_d2uiz
 .text.__wrap___aeabi_ul2d
                0x10004304       0x18 CMakeFiles/hermes_vi.dir/home/kostas/Desktop/Pico-SDK/pico-sdk/src/rp2_common/pico_double/double_aeabi.S.obj
                0x10004304                __wrap___aeabi_ul2d
 .text.__wrap___aeabi_d2f
                0x1000431c       0x18 CMakeFiles/hermes_vi.dir/home/kostas/Desktop/Pico-SDK/pico-sdk/src/rp2_common/pico_double/double_aeabi.S.obj
                0x1000431c                __wrap___aeabi_d2f
 .text.__aeabi_double_init
                0x10004334       0x98 CMakeFiles/hermes_vi.dir/home/kostas/Desktop/Pico-SDK/pico-sdk/src/rp2_common/pico_double/double_init_rom.c.obj
                0x10004334                __aeabi_double_init
 .text.double_table_shim_on_use_helper
                0x100043cc       0x2c CMakeFiles/hermes_vi.dir/home/kostas/Desktop/Pico-SDK/pico-sdk/src/rp2_common/pico_double/double_v1_rom_shim.S.obj
                0x100043cc                double_table_shim_on_use_helper
 .text.__wrap___aeabi_dsub
                0x100043f8       0x10 CMakeFiles/hermes_vi.dir/home/kostas/Desktop/Pico-SDK/pico-sdk/src/rp2_common/pico_double/double_v1_rom_shim.S.obj
                0x100043f8                drsub_shim
                0x100043fe                dsub_shim
 .text.dadd_shim
                0x10004408      0x15c CMakeFiles/hermes_vi.dir/home/kostas/Desktop/Pico-SDK/pico-sdk/src/rp2_common/pico_double/double_v1_rom_shim.S.obj
                0x10004408                dadd_shim
 .text.dmul_shim
                0x10004564      0x15c CMakeFiles/hermes_vi.dir/home/kostas/Desktop/Pico-SDK/pico-sdk/src/rp2_common/pico_double/double_v1_rom_shim.S.obj
                0x10004564                dmul_shim
 .text.ddiv_shim
                0x100046c0      0x1b0 CMakeFiles/hermes_vi.dir/home/kostas/Desktop/Pico-SDK/pico-sdk/src/rp2_common/pico_double/double_v1_rom_shim.S.obj
                0x100046c0                ddiv_shim
 .text.double2uint_shim
                0x10004870        0xe CMakeFiles/hermes_vi.dir/home/kostas/Desktop/Pico-SDK/pico-sdk/src/rp2_common/pico_double/double_v1_rom_shim.S.obj
                0x10004870                double2uint_shim
                0x10004872                double2ufix_shim
 *fill*         0x1000487e        0x2 
 .text.double2uint64_shim
                0x10004880       0x70 CMakeFiles/hermes_vi.dir/home/kostas/Desktop/Pico-SDK/pico-sdk/src/rp2_common/pico_double/double_v1_rom_shim.S.obj
                0x10004880                double2uint64_shim
                0x10004882                double2ufix64_shim
                0x100048a2                d2fix_a
 .text.double2float_shim
                0x100048f0       0x5c CMakeFiles/hermes_vi.dir/home/kostas/Desktop/Pico-SDK/pico-sdk/src/rp2_common/pico_double/double_v1_rom_shim.S.obj
                0x100048f0                double2float_shim
 .text.x2double_shims
                0x1000494c       0x90 CMakeFiles/hermes_vi.dir/home/kostas/Desktop/Pico-SDK/pico-sdk/src/rp2_common/pico_double/double_v1_rom_shim.S.obj
                0x1000494c                uint2double_shim
                0x1000494e                ufix2double_shim
                0x10004954                int2double_shim
                0x10004956                fix2double_shim
                0x1000495c                uint642double_shim
                0x1000495e                ufix642double_shim
                0x10004964                int642double_shim
                0x10004966                fix642double_shim
 .text.dunpacks
                0x100049dc       0x3c CMakeFiles/hermes_vi.dir/home/kostas/Desktop/Pico-SDK/pico-sdk/src/rp2_common/pico_double/double_v1_rom_shim.S.obj
                0x100049dc                dunpacks
 .text.__aeabi_lmul
                0x10004a18       0x32 CMakeFiles/hermes_vi.dir/home/kostas/Desktop/Pico-SDK/pico-sdk/src/rp2_common/pico_int64_ops/pico_int64_ops_aeabi.S.obj
                0x10004a18                __wrap___aeabi_lmul
 *fill*         0x10004a4a        0x2 
 .text.__wrap___aeabi_farithmetic
                0x10004a4c       0x48 CMakeFiles/hermes_vi.dir/home/kostas/Desktop/Pico-SDK/pico-sdk/src/rp2_common/pico_float/float_aeabi.S.obj
                0x10004a4c                __wrap___aeabi_frsub
                0x10004a52                __wrap___aeabi_fsub
                0x10004a58                __wrap___aeabi_fadd
                0x10004a5e                __wrap___aeabi_fdiv
                0x10004a86                __wrap___aeabi_fmul
 .text.__wrap___aeabi_cfcmple
                0x10004a94       0x50 CMakeFiles/hermes_vi.dir/home/kostas/Desktop/Pico-SDK/pico-sdk/src/rp2_common/pico_float/float_aeabi.S.obj
                0x10004a94                __wrap___aeabi_cfrcmple
                0x10004aa0                __wrap___aeabi_cfcmpeq
                0x10004aa0                __wrap___aeabi_cfcmple
 .text.__wrap___aeabi_fcmplt
                0x10004ae4        0xc CMakeFiles/hermes_vi.dir/home/kostas/Desktop/Pico-SDK/pico-sdk/src/rp2_common/pico_float/float_aeabi.S.obj
                0x10004ae4                __wrap___aeabi_fcmplt
 .text.__wrap___aeabi_fcmpgt
                0x10004af0        0xa CMakeFiles/hermes_vi.dir/home/kostas/Desktop/Pico-SDK/pico-sdk/src/rp2_common/pico_float/float_aeabi.S.obj
                0x10004af0                __wrap___aeabi_fcmpgt
 *fill*         0x10004afa        0x2 
 .text.__wrap___aeabi_i2f
                0x10004afc       0x44 CMakeFiles/hermes_vi.dir/home/kostas/Desktop/Pico-SDK/pico-sdk/src/rp2_common/pico_float/float_aeabi.S.obj
                0x10004afc                __wrap___aeabi_i2f
 .text.__wrap___aeabi_f2iz
                0x10004b40       0x4e CMakeFiles/hermes_vi.dir/home/kostas/Desktop/Pico-SDK/pico-sdk/src/rp2_common/pico_float/float_aeabi.S.obj
                0x10004b40                __wrap___aeabi_f2iz
                0x10004b40                float2int_z
 *fill*         0x10004b8e        0x2 
 .text.float2int
                0x10004b90       0x14 CMakeFiles/hermes_vi.dir/home/kostas/Desktop/Pico-SDK/pico-sdk/src/rp2_common/pico_float/float_aeabi.S.obj
                0x10004b90                float2int
 .text.__wrap___aeabi_f2uiz
                0x10004ba4        0xc CMakeFiles/hermes_vi.dir/home/kostas/Desktop/Pico-SDK/pico-sdk/src/rp2_common/pico_float/float_aeabi.S.obj
                0x10004ba4                __wrap___aeabi_f2uiz
 .text.__wrap___aeabi_f2d
                0x10004bb0       0x14 CMakeFiles/hermes_vi.dir/home/kostas/Desktop/Pico-SDK/pico-sdk/src/rp2_common/pico_float/float_aeabi.S.obj
                0x10004bb0                __wrap___aeabi_f2d
 .text.__aeabi_float_init
                0x10004bc4       0x64 CMakeFiles/hermes_vi.dir/home/kostas/Desktop/Pico-SDK/pico-sdk/src/rp2_common/pico_float/float_init_rom.c.obj
                0x10004bc4                __aeabi_float_init
 .text.float_table_shim_on_use_helper
                0x10004c28       0x2c CMakeFiles/hermes_vi.dir/home/kostas/Desktop/Pico-SDK/pico-sdk/src/rp2_common/pico_float/float_v1_rom_shim.S.obj
                0x10004c28                float_table_shim_on_use_helper
 .text.float232_shims
                0x10004c54       0x18 CMakeFiles/hermes_vi.dir/home/kostas/Desktop/Pico-SDK/pico-sdk/src/rp2_common/pico_float/float_v1_rom_shim.S.obj
                0x10004c54                float2int_shim
                0x10004c56                float2fix_shim
 .text.float2double_shim
                0x10004c6c       0x30 CMakeFiles/hermes_vi.dir/home/kostas/Desktop/Pico-SDK/pico-sdk/src/rp2_common/pico_float/float_v1_rom_shim.S.obj
                0x10004c6c                float2double_shim
 .text          0x10004c9c       0x10 CMakeFiles/hermes_vi.dir/home/kostas/Desktop/Pico-SDK/pico-sdk/src/rp2_common/pico_mem_ops/mem_ops_aeabi.S.obj
                0x10004c9c                __aeabi_mem_init
 .text.memset   0x10004cac        0xc CMakeFiles/hermes_vi.dir/home/kostas/Desktop/Pico-SDK/pico-sdk/src/rp2_common/pico_mem_ops/mem_ops_aeabi.S.obj
                0x10004cac                __wrap_memset
 .text.memcpy   0x10004cb8        0xc CMakeFiles/hermes_vi.dir/home/kostas/Desktop/Pico-SDK/pico-sdk/src/rp2_common/pico_mem_ops/mem_ops_aeabi.S.obj
                0x10004cb8                __wrap___aeabi_memcpy
                0x10004cb8                __wrap_memcpy
 .text.stdio_out_chars_crlf
                0x10004cc4       0xbc CMakeFiles/hermes_vi.dir/home/kostas/Desktop/Pico-SDK/pico-sdk/src/rp2_common/pico_stdio/stdio.c.obj
 .text.stdio_buffered_printer
                0x10004d80       0x64 CMakeFiles/hermes_vi.dir/home/kostas/Desktop/Pico-SDK/pico-sdk/src/rp2_common/pico_stdio/stdio.c.obj
 .text.__wrap_putchar
                0x10004de4       0x98 CMakeFiles/hermes_vi.dir/home/kostas/Desktop/Pico-SDK/pico-sdk/src/rp2_common/pico_stdio/stdio.c.obj
                0x10004de4                __wrap_putchar
 .text.__wrap_puts
                0x10004e7c       0xe0 CMakeFiles/hermes_vi.dir/home/kostas/Desktop/Pico-SDK/pico-sdk/src/rp2_common/pico_stdio/stdio.c.obj
                0x10004e7c                __wrap_puts
 .text.stdio_set_driver_enabled
                0x10004f5c       0x30 CMakeFiles/hermes_vi.dir/home/kostas/Desktop/Pico-SDK/pico-sdk/src/rp2_common/pico_stdio/stdio.c.obj
                0x10004f5c                stdio_set_driver_enabled
 .text.__wrap_vprintf
                0x10004f8c       0xd4 CMakeFiles/hermes_vi.dir/home/kostas/Desktop/Pico-SDK/pico-sdk/src/rp2_common/pico_stdio/stdio.c.obj
                0x10004f8c                __wrap_vprintf
 .text.__wrap_printf
                0x10005060       0x18 CMakeFiles/hermes_vi.dir/home/kostas/Desktop/Pico-SDK/pico-sdk/src/rp2_common/pico_stdio/stdio.c.obj
                0x10005060                __wrap_printf
 .text.stdio_init_all
                0x10005078        0x8 CMakeFiles/hermes_vi.dir/home/kostas/Desktop/Pico-SDK/pico-sdk/src/rp2_common/pico_stdio/stdio.c.obj
                0x10005078                stdio_init_all
 .text.resetd_init
                0x10005080        0x4 CMakeFiles/hermes_vi.dir/home/kostas/Desktop/Pico-SDK/pico-sdk/src/rp2_common/pico_stdio_usb/reset_interface.c.obj
 .text.resetd_reset
                0x10005084        0xc CMakeFiles/hermes_vi.dir/home/kostas/Desktop/Pico-SDK/pico-sdk/src/rp2_common/pico_stdio_usb/reset_interface.c.obj
 .text.resetd_open
                0x10005090       0x28 CMakeFiles/hermes_vi.dir/home/kostas/Desktop/Pico-SDK/pico-sdk/src/rp2_common/pico_stdio_usb/reset_interface.c.obj
 .text.resetd_xfer_cb
                0x100050b8        0x4 CMakeFiles/hermes_vi.dir/home/kostas/Desktop/Pico-SDK/pico-sdk/src/rp2_common/pico_stdio_usb/reset_interface.c.obj
 .text.resetd_control_xfer_cb
                0x100050bc       0x60 CMakeFiles/hermes_vi.dir/home/kostas/Desktop/Pico-SDK/pico-sdk/src/rp2_common/pico_stdio_usb/reset_interface.c.obj
 .text.usbd_app_driver_get_cb
                0x1000511c        0xc CMakeFiles/hermes_vi.dir/home/kostas/Desktop/Pico-SDK/pico-sdk/src/rp2_common/pico_stdio_usb/reset_interface.c.obj
                0x1000511c                usbd_app_driver_get_cb
 .text.tud_cdc_line_coding_cb
                0x10005128       0x34 CMakeFiles/hermes_vi.dir/home/kostas/Desktop/Pico-SDK/pico-sdk/src/rp2_common/pico_stdio_usb/reset_interface.c.obj
                0x10005128                tud_cdc_line_coding_cb
 .text.stdio_usb_set_chars_available_callback
                0x1000515c       0x14 CMakeFiles/hermes_vi.dir/home/kostas/Desktop/Pico-SDK/pico-sdk/src/rp2_common/pico_stdio_usb/stdio_usb.c.obj
                0x1000515c                stdio_usb_set_chars_available_callback
 .text.usb_irq  0x10005170       0x10 CMakeFiles/hermes_vi.dir/home/kostas/Desktop/Pico-SDK/pico-sdk/src/rp2_common/pico_stdio_usb/stdio_usb.c.obj
 .text.timer_task
                0x10005180       0x54 CMakeFiles/hermes_vi.dir/home/kostas/Desktop/Pico-SDK/pico-sdk/src/rp2_common/pico_stdio_usb/stdio_usb.c.obj
 .text.stdio_usb_in_chars
                0x100051d4       0x90 CMakeFiles/hermes_vi.dir/home/kostas/Desktop/Pico-SDK/pico-sdk/src/rp2_common/pico_stdio_usb/stdio_usb.c.obj
                0x100051d4                stdio_usb_in_chars
 .text.stdio_usb_out_chars
                0x10005264      0x104 CMakeFiles/hermes_vi.dir/home/kostas/Desktop/Pico-SDK/pico-sdk/src/rp2_common/pico_stdio_usb/stdio_usb.c.obj
 .text.low_priority_worker_irq
                0x10005368       0xa8 CMakeFiles/hermes_vi.dir/home/kostas/Desktop/Pico-SDK/pico-sdk/src/rp2_common/pico_stdio_usb/stdio_usb.c.obj
 .text.tud_cdc_rx_cb
                0x10005410       0x20 CMakeFiles/hermes_vi.dir/home/kostas/Desktop/Pico-SDK/pico-sdk/src/rp2_common/pico_stdio_usb/stdio_usb.c.obj
                0x10005410                tud_cdc_rx_cb
 .text.stdio_usb_init
                0x10005430       0xe0 CMakeFiles/hermes_vi.dir/home/kostas/Desktop/Pico-SDK/pico-sdk/src/rp2_common/pico_stdio_usb/stdio_usb.c.obj
                0x10005430                stdio_usb_init
 .text.tud_descriptor_device_cb
                0x10005510        0x8 CMakeFiles/hermes_vi.dir/home/kostas/Desktop/Pico-SDK/pico-sdk/src/rp2_common/pico_stdio_usb/stdio_usb_descriptors.c.obj
                0x10005510                tud_descriptor_device_cb
 .text.tud_descriptor_configuration_cb
                0x10005518        0x8 CMakeFiles/hermes_vi.dir/home/kostas/Desktop/Pico-SDK/pico-sdk/src/rp2_common/pico_stdio_usb/stdio_usb_descriptors.c.obj
                0x10005518                tud_descriptor_configuration_cb
 .text.tud_descriptor_string_cb
                0x10005520       0x78 CMakeFiles/hermes_vi.dir/home/kostas/Desktop/Pico-SDK/pico-sdk/src/rp2_common/pico_stdio_usb/stdio_usb_descriptors.c.obj
                0x10005520                tud_descriptor_string_cb
 .text.startup._retrieve_unique_id_on_boot
                0x10005598       0x10 CMakeFiles/hermes_vi.dir/home/kostas/Desktop/Pico-SDK/pico-sdk/src/rp2_common/pico_unique_id/unique_id.c.obj
 .text.pico_get_unique_board_id_string
                0x100055a8      0x1a8 CMakeFiles/hermes_vi.dir/home/kostas/Desktop/Pico-SDK/pico-sdk/src/rp2_common/pico_unique_id/unique_id.c.obj
                0x100055a8                pico_get_unique_board_id_string
 .text.flash_get_unique_id
                0x10005750       0x40 CMakeFiles/hermes_vi.dir/home/kostas/Desktop/Pico-SDK/pico-sdk/src/rp2_common/hardware_flash/flash.c.obj
                0x10005750                flash_get_unique_id
 .text.dcd_int_enable
                0x10005790        0xc CMakeFiles/hermes_vi.dir/home/kostas/Desktop/Pico-SDK/pico-sdk/lib/tinyusb/src/portable/raspberrypi/rp2040/dcd_rp2040.c.obj
                0x10005790                dcd_int_enable
 .text.dcd_set_address
                0x1000579c       0x14 CMakeFiles/hermes_vi.dir/home/kostas/Desktop/Pico-SDK/pico-sdk/lib/tinyusb/src/portable/raspberrypi/rp2040/dcd_rp2040.c.obj
                0x1000579c                dcd_set_address
 .text.dcd_connect
                0x100057b0       0x10 CMakeFiles/hermes_vi.dir/home/kostas/Desktop/Pico-SDK/pico-sdk/lib/tinyusb/src/portable/raspberrypi/rp2040/dcd_rp2040.c.obj
                0x100057b0                dcd_connect
 .text.dcd_init
                0x100057c0       0x98 CMakeFiles/hermes_vi.dir/home/kostas/Desktop/Pico-SDK/pico-sdk/lib/tinyusb/src/portable/raspberrypi/rp2040/dcd_rp2040.c.obj
                0x100057c0                dcd_init
 .text.dcd_edpt0_status_complete
                0x10005858       0x1c CMakeFiles/hermes_vi.dir/home/kostas/Desktop/Pico-SDK/pico-sdk/lib/tinyusb/src/portable/raspberrypi/rp2040/dcd_rp2040.c.obj
                0x10005858                dcd_edpt0_status_complete
 .text.dcd_edpt_open
                0x10005874      0x108 CMakeFiles/hermes_vi.dir/home/kostas/Desktop/Pico-SDK/pico-sdk/lib/tinyusb/src/portable/raspberrypi/rp2040/dcd_rp2040.c.obj
                0x10005874                dcd_edpt_open
 .text.dcd_edpt_close_all
                0x1000597c        0x8 CMakeFiles/hermes_vi.dir/home/kostas/Desktop/Pico-SDK/pico-sdk/lib/tinyusb/src/portable/raspberrypi/rp2040/dcd_rp2040.c.obj
                0x1000597c                dcd_edpt_close_all
 .text.dcd_edpt_xfer
                0x10005984       0x24 CMakeFiles/hermes_vi.dir/home/kostas/Desktop/Pico-SDK/pico-sdk/lib/tinyusb/src/portable/raspberrypi/rp2040/dcd_rp2040.c.obj
                0x10005984                dcd_edpt_xfer
 .text.dcd_edpt_stall
                0x100059a8       0x38 CMakeFiles/hermes_vi.dir/home/kostas/Desktop/Pico-SDK/pico-sdk/lib/tinyusb/src/portable/raspberrypi/rp2040/dcd_rp2040.c.obj
                0x100059a8                dcd_edpt_stall
 .text.dcd_edpt_clear_stall
                0x100059e0       0x30 CMakeFiles/hermes_vi.dir/home/kostas/Desktop/Pico-SDK/pico-sdk/lib/tinyusb/src/portable/raspberrypi/rp2040/dcd_rp2040.c.obj
                0x100059e0                dcd_edpt_clear_stall
 .text.rp2040_usb_init
                0x10005a10       0x4c CMakeFiles/hermes_vi.dir/home/kostas/Desktop/Pico-SDK/pico-sdk/lib/tinyusb/src/portable/raspberrypi/rp2040/rp2040_usb.c.obj
                0x10005a10                rp2040_usb_init
 .text.hw_endpoint_xfer_start
                0x10005a5c       0x40 CMakeFiles/hermes_vi.dir/home/kostas/Desktop/Pico-SDK/pico-sdk/lib/tinyusb/src/portable/raspberrypi/rp2040/rp2040_usb.c.obj
                0x10005a5c                hw_endpoint_xfer_start
 .text.tud_mounted
                0x10005a9c       0x10 CMakeFiles/hermes_vi.dir/home/kostas/Desktop/Pico-SDK/pico-sdk/lib/tinyusb/src/device/usbd.c.obj
                0x10005a9c                tud_mounted
 .text.tud_suspended
                0x10005aac       0x10 CMakeFiles/hermes_vi.dir/home/kostas/Desktop/Pico-SDK/pico-sdk/lib/tinyusb/src/device/usbd.c.obj
                0x10005aac                tud_suspended
 .text.tud_inited
                0x10005abc       0x14 CMakeFiles/hermes_vi.dir/home/kostas/Desktop/Pico-SDK/pico-sdk/lib/tinyusb/src/device/usbd.c.obj
                0x10005abc                tud_inited
 .text.tud_init
                0x10005ad0       0xd8 CMakeFiles/hermes_vi.dir/home/kostas/Desktop/Pico-SDK/pico-sdk/lib/tinyusb/src/device/usbd.c.obj
                0x10005ad0                tud_init
 .text.tud_task_ext
                0x10005ba8      0x8a8 CMakeFiles/hermes_vi.dir/home/kostas/Desktop/Pico-SDK/pico-sdk/lib/tinyusb/src/device/usbd.c.obj
                0x10005ba8                tud_task_ext
 .text.usbd_open_edpt_pair
                0x10006450       0x9c CMakeFiles/hermes_vi.dir/home/kostas/Desktop/Pico-SDK/pico-sdk/lib/tinyusb/src/device/usbd.c.obj
                0x10006450                usbd_open_edpt_pair
 .text.usbd_defer_func
                0x100064ec       0x48 CMakeFiles/hermes_vi.dir/home/kostas/Desktop/Pico-SDK/pico-sdk/lib/tinyusb/src/device/usbd.c.obj
                0x100064ec                usbd_defer_func
 .text.usbd_edpt_open
                0x10006534       0x34 CMakeFiles/hermes_vi.dir/home/kostas/Desktop/Pico-SDK/pico-sdk/lib/tinyusb/src/device/usbd.c.obj
                0x10006534                usbd_edpt_open
 .text.usbd_edpt_claim
                0x10006568       0x28 CMakeFiles/hermes_vi.dir/home/kostas/Desktop/Pico-SDK/pico-sdk/lib/tinyusb/src/device/usbd.c.obj
                0x10006568                usbd_edpt_claim
 .text.usbd_edpt_release
                0x10006590       0x28 CMakeFiles/hermes_vi.dir/home/kostas/Desktop/Pico-SDK/pico-sdk/lib/tinyusb/src/device/usbd.c.obj
                0x10006590                usbd_edpt_release
 .text.usbd_edpt_xfer
                0x100065b8       0x4c CMakeFiles/hermes_vi.dir/home/kostas/Desktop/Pico-SDK/pico-sdk/lib/tinyusb/src/device/usbd.c.obj
                0x100065b8                usbd_edpt_xfer
 .text.tud_control_status
                0x10006604       0x2c CMakeFiles/hermes_vi.dir/home/kostas/Desktop/Pico-SDK/pico-sdk/lib/tinyusb/src/device/usbd_control.c.obj
                0x10006604                tud_control_status
 .text.tud_control_xfer
                0x10006630       0xac CMakeFiles/hermes_vi.dir/home/kostas/Desktop/Pico-SDK/pico-sdk/lib/tinyusb/src/device/usbd_control.c.obj
                0x10006630                tud_control_xfer
 .text.usbd_control_reset
                0x100066dc       0x14 CMakeFiles/hermes_vi.dir/home/kostas/Desktop/Pico-SDK/pico-sdk/lib/tinyusb/src/device/usbd_control.c.obj
                0x100066dc                usbd_control_reset
 .text.usbd_control_set_complete_callback
                0x100066f0        0xc CMakeFiles/hermes_vi.dir/home/kostas/Desktop/Pico-SDK/pico-sdk/lib/tinyusb/src/device/usbd_control.c.obj
                0x100066f0                usbd_control_set_complete_callback
 .text.usbd_control_set_request
                0x100066fc       0x1c CMakeFiles/hermes_vi.dir/home/kostas/Desktop/Pico-SDK/pico-sdk/lib/tinyusb/src/device/usbd_control.c.obj
                0x100066fc                usbd_control_set_request
 .text.usbd_control_xfer_cb
                0x10006718       0xf4 CMakeFiles/hermes_vi.dir/home/kostas/Desktop/Pico-SDK/pico-sdk/lib/tinyusb/src/device/usbd_control.c.obj
                0x10006718                usbd_control_xfer_cb
 .text.tud_cdc_n_connected
                0x1000680c       0x30 CMakeFiles/hermes_vi.dir/home/kostas/Desktop/Pico-SDK/pico-sdk/lib/tinyusb/src/class/cdc/cdc_device.c.obj
                0x1000680c                tud_cdc_n_connected
 .text.tud_cdc_n_available
                0x1000683c       0x18 CMakeFiles/hermes_vi.dir/home/kostas/Desktop/Pico-SDK/pico-sdk/lib/tinyusb/src/class/cdc/cdc_device.c.obj
                0x1000683c                tud_cdc_n_available
 .text.tud_cdc_n_read
                0x10006854       0x70 CMakeFiles/hermes_vi.dir/home/kostas/Desktop/Pico-SDK/pico-sdk/lib/tinyusb/src/class/cdc/cdc_device.c.obj
                0x10006854                tud_cdc_n_read
 .text.tud_cdc_n_write_flush
                0x100068c4       0x78 CMakeFiles/hermes_vi.dir/home/kostas/Desktop/Pico-SDK/pico-sdk/lib/tinyusb/src/class/cdc/cdc_device.c.obj
                0x100068c4                tud_cdc_n_write_flush
 .text.tud_cdc_n_write
                0x1000693c       0x34 CMakeFiles/hermes_vi.dir/home/kostas/Desktop/Pico-SDK/pico-sdk/lib/tinyusb/src/class/cdc/cdc_device.c.obj
                0x1000693c                tud_cdc_n_write
 .text.tud_cdc_n_write_available
                0x10006970       0x18 CMakeFiles/hermes_vi.dir/home/kostas/Desktop/Pico-SDK/pico-sdk/lib/tinyusb/src/class/cdc/cdc_device.c.obj
                0x10006970                tud_cdc_n_write_available
 .text.cdcd_init
                0x10006988       0x7c CMakeFiles/hermes_vi.dir/home/kostas/Desktop/Pico-SDK/pico-sdk/lib/tinyusb/src/class/cdc/cdc_device.c.obj
                0x10006988                cdcd_init
 .text.cdcd_reset
                0x10006a04       0x2c CMakeFiles/hermes_vi.dir/home/kostas/Desktop/Pico-SDK/pico-sdk/lib/tinyusb/src/class/cdc/cdc_device.c.obj
                0x10006a04                cdcd_reset
 .text.cdcd_open
                0x10006a30       0xe4 CMakeFiles/hermes_vi.dir/home/kostas/Desktop/Pico-SDK/pico-sdk/lib/tinyusb/src/class/cdc/cdc_device.c.obj
                0x10006a30                cdcd_open
 .text.cdcd_control_xfer_cb
                0x10006b14       0xe4 CMakeFiles/hermes_vi.dir/home/kostas/Desktop/Pico-SDK/pico-sdk/lib/tinyusb/src/class/cdc/cdc_device.c.obj
                0x10006b14                cdcd_control_xfer_cb
 .text.cdcd_xfer_cb
                0x10006bf8      0x13c CMakeFiles/hermes_vi.dir/home/kostas/Desktop/Pico-SDK/pico-sdk/lib/tinyusb/src/class/cdc/cdc_device.c.obj
                0x10006bf8                cdcd_xfer_cb
 .text.tusb_init
                0x10006d34        0xc CMakeFiles/hermes_vi.dir/home/kostas/Desktop/Pico-SDK/pico-sdk/lib/tinyusb/src/tusb.c.obj
                0x10006d34                tusb_init
 .text.tusb_inited
                0x10006d40        0x8 CMakeFiles/hermes_vi.dir/home/kostas/Desktop/Pico-SDK/pico-sdk/lib/tinyusb/src/tusb.c.obj
                0x10006d40                tusb_inited
 .text.tu_edpt_claim
                0x10006d48       0x50 CMakeFiles/hermes_vi.dir/home/kostas/Desktop/Pico-SDK/pico-sdk/lib/tinyusb/src/tusb.c.obj
                0x10006d48                tu_edpt_claim
 .text.tu_edpt_release
                0x10006d98       0x38 CMakeFiles/hermes_vi.dir/home/kostas/Desktop/Pico-SDK/pico-sdk/lib/tinyusb/src/tusb.c.obj
                0x10006d98                tu_edpt_release
 .text.tu_edpt_validate
                0x10006dd0       0x7c CMakeFiles/hermes_vi.dir/home/kostas/Desktop/Pico-SDK/pico-sdk/lib/tinyusb/src/tusb.c.obj
                0x10006dd0                tu_edpt_validate
 .text.tu_edpt_bind_driver
                0x10006e4c       0x34 CMakeFiles/hermes_vi.dir/home/kostas/Desktop/Pico-SDK/pico-sdk/lib/tinyusb/src/tusb.c.obj
                0x10006e4c                tu_edpt_bind_driver
 .text.tu_fifo_config
                0x10006e80       0x6c CMakeFiles/hermes_vi.dir/home/kostas/Desktop/Pico-SDK/pico-sdk/lib/tinyusb/src/common/tusb_fifo.c.obj
                0x10006e80                tu_fifo_config
 .text.tu_fifo_count
                0x10006eec       0x2c CMakeFiles/hermes_vi.dir/home/kostas/Desktop/Pico-SDK/pico-sdk/lib/tinyusb/src/common/tusb_fifo.c.obj
                0x10006eec                tu_fifo_count
 .text.tu_fifo_empty
                0x10006f18       0x10 CMakeFiles/hermes_vi.dir/home/kostas/Desktop/Pico-SDK/pico-sdk/lib/tinyusb/src/common/tusb_fifo.c.obj
                0x10006f18                tu_fifo_empty
 .text.tu_fifo_remaining
                0x10006f28       0x2c CMakeFiles/hermes_vi.dir/home/kostas/Desktop/Pico-SDK/pico-sdk/lib/tinyusb/src/common/tusb_fifo.c.obj
                0x10006f28                tu_fifo_remaining
 .text.tu_fifo_read
                0x10006f54       0x9c CMakeFiles/hermes_vi.dir/home/kostas/Desktop/Pico-SDK/pico-sdk/lib/tinyusb/src/common/tusb_fifo.c.obj
                0x10006f54                tu_fifo_read
 .text.tu_fifo_read_n
                0x10006ff0       0xe8 CMakeFiles/hermes_vi.dir/home/kostas/Desktop/Pico-SDK/pico-sdk/lib/tinyusb/src/common/tusb_fifo.c.obj
                0x10006ff0                tu_fifo_read_n
 .text.tu_fifo_write
                0x100070d8       0x88 CMakeFiles/hermes_vi.dir/home/kostas/Desktop/Pico-SDK/pico-sdk/lib/tinyusb/src/common/tusb_fifo.c.obj
                0x100070d8                tu_fifo_write
 .text.tu_fifo_write_n
                0x10007160      0x170 CMakeFiles/hermes_vi.dir/home/kostas/Desktop/Pico-SDK/pico-sdk/lib/tinyusb/src/common/tusb_fifo.c.obj
                0x10007160                tu_fifo_write_n
 .text.tu_fifo_clear
                0x100072d0       0x40 CMakeFiles/hermes_vi.dir/home/kostas/Desktop/Pico-SDK/pico-sdk/lib/tinyusb/src/common/tusb_fifo.c.obj
                0x100072d0                tu_fifo_clear
 .text.tu_fifo_set_overwritable
                0x10007310       0x48 CMakeFiles/hermes_vi.dir/home/kostas/Desktop/Pico-SDK/pico-sdk/lib/tinyusb/src/common/tusb_fifo.c.obj
                0x10007310                tu_fifo_set_overwritable
 .text.adc_init
                0x10007358       0x38 CMakeFiles/hermes_vi.dir/home/kostas/Desktop/Pico-SDK/pico-sdk/src/rp2_common/hardware_adc/adc.c.obj
                0x10007358                adc_init
 .text.core1_trampoline
                0x10007390        0x4 CMakeFiles/hermes_vi.dir/home/kostas/Desktop/Pico-SDK/pico-sdk/src/rp2_common/pico_multicore/multicore.c.obj
 .text.core1_wrapper
                0x10007394        0xc CMakeFiles/hermes_vi.dir/home/kostas/Desktop/Pico-SDK/pico-sdk/src/rp2_common/pico_multicore/multicore.c.obj
                0x10007394                core1_wrapper
 .text.multicore_reset_core1
                0x100073a0       0x24 CMakeFiles/hermes_vi.dir/home/kostas/Desktop/Pico-SDK/pico-sdk/src/rp2_common/pico_multicore/multicore.c.obj
                0x100073a0                multicore_reset_core1
 .text.multicore_launch_core1_raw
                0x100073c4       0x84 CMakeFiles/hermes_vi.dir/home/kostas/Desktop/Pico-SDK/pico-sdk/src/rp2_common/pico_multicore/multicore.c.obj
                0x100073c4                multicore_launch_core1_raw
 .text.multicore_launch_core1
                0x10007448       0x58 CMakeFiles/hermes_vi.dir/home/kostas/Desktop/Pico-SDK/pico-sdk/src/rp2_common/pico_multicore/multicore.c.obj
                0x10007448                multicore_launch_core1
 .text          0x100074a0       0x5c /usr/lib/gcc/arm-none-eabi/12.2.1/../../../arm-none-eabi/lib/thumb/v6-m/nofp/libc.a(lib_a-strlen-stub.o)
                0x100074a0                strlen
 *(.fini)
 .fini          0x100074fc        0x4 /usr/lib/gcc/arm-none-eabi/12.2.1/thumb/v6-m/nofp/crti.o
                0x100074fc                _fini
 .fini.__stub   0x10007500       0xd0 linker stubs
 *crtbegin.o(.ctors)
 *crtbegin?.o(.ctors)
 *(EXCLUDE_FILE(*crtend.o *crtend?.o) .ctors)
 *(SORT_BY_NAME(.ctors.*))
 *(.ctors)
 *crtbegin.o(.dtors)
 *crtbegin?.o(.dtors)
 *(EXCLUDE_FILE(*crtend.o *crtend?.o) .dtors)
 *(SORT_BY_NAME(.dtors.*))
 *(.dtors)
 *(.eh_frame*)
 .eh_frame      0x100075d0        0x0 /usr/lib/gcc/arm-none-eabi/12.2.1/thumb/v6-m/nofp/crtbegin.o
                0x100075d0                        . = ALIGN (0x4)

.glue_7         0x100075d0        0x0
 .glue_7        0x100075d0        0x0 linker stubs

.glue_7t        0x100075d0        0x0
 .glue_7t       0x100075d0        0x0 linker stubs

.vfp11_veneer   0x100075d0        0x0
 .vfp11_veneer  0x100075d0        0x0 linker stubs

.v4_bx          0x100075d0        0x0
 .v4_bx         0x100075d0        0x0 linker stubs

.iplt           0x100075d0        0x0
 .iplt          0x100075d0        0x0 /usr/lib/gcc/arm-none-eabi/12.2.1/thumb/v6-m/nofp/crtbegin.o

.rodata         0x100075d0      0x528
 *(EXCLUDE_FILE(*libm.a: *libc.a:*lib_a-mem*.o *libgcc.a:) .rodata*)
 .rodata.main.str1.4
                0x100075d0        0xc CMakeFiles/hermes_vi.dir/src/main.c.obj
 .rodata.control_throttle.str1.4
                0x100075dc       0x40 CMakeFiles/hermes_vi.dir/src/control.c.obj
 .rodata.spin_lock_claim_unused.str1.4
                0x1000761c       0x1b CMakeFiles/hermes_vi.dir/home/kostas/Desktop/Pico-SDK/pico-sdk/src/rp2_common/hardware_sync/sync.c.obj
 *fill*         0x10007637        0x1 
 .rodata.user_irq_claim_unused.str1.4
                0x10007638       0x1b CMakeFiles/hermes_vi.dir/home/kostas/Desktop/Pico-SDK/pico-sdk/src/rp2_common/hardware_irq/irq.c.obj
 *fill*         0x10007653        0x1 
 .rodata.hardware_alarm_claim.str1.4
                0x10007654       0x22 CMakeFiles/hermes_vi.dir/home/kostas/Desktop/Pico-SDK/pico-sdk/src/rp2_common/hardware_timer/timer.c.obj
 *fill*         0x10007676        0x2 
 .rodata.panic.str1.4
                0x10007678       0x12 CMakeFiles/hermes_vi.dir/home/kostas/Desktop/Pico-SDK/pico-sdk/src/rp2_common/pico_runtime/runtime.c.obj
 *fill*         0x1000768a        0x2 
 .rodata.hard_assertion_failure.str1.4
                0x1000768c        0xc CMakeFiles/hermes_vi.dir/home/kostas/Desktop/Pico-SDK/pico-sdk/src/rp2_common/pico_runtime/runtime.c.obj
 .rodata._ftoa.str1.4
                0x10007698       0x15 CMakeFiles/hermes_vi.dir/home/kostas/Desktop/Pico-SDK/pico-sdk/src/rp2_common/pico_printf/printf.c.obj
 *fill*         0x100076ad        0x3 
 .rodata._vsnprintf
                0x100076b0      0x19c CMakeFiles/hermes_vi.dir/home/kostas/Desktop/Pico-SDK/pico-sdk/src/rp2_common/pico_printf/printf.c.obj
 *fill*         0x1000784c        0x4 
 .rodata.pow10.0
                0x10007850       0x50 CMakeFiles/hermes_vi.dir/home/kostas/Desktop/Pico-SDK/pico-sdk/src/rp2_common/pico_printf/printf.c.obj
 .rodata.str1.4
                0x100078a0       0x40 CMakeFiles/hermes_vi.dir/home/kostas/Desktop/Pico-SDK/pico-sdk/src/rp2_common/pico_standard_link/binary_info.c.obj
 .rodata.__bi_81
                0x100078e0        0xc CMakeFiles/hermes_vi.dir/home/kostas/Desktop/Pico-SDK/pico-sdk/src/rp2_common/pico_standard_link/binary_info.c.obj
 .rodata.__bi_75
                0x100078ec        0xc CMakeFiles/hermes_vi.dir/home/kostas/Desktop/Pico-SDK/pico-sdk/src/rp2_common/pico_standard_link/binary_info.c.obj
 .rodata.__bi_44
                0x100078f8        0xc CMakeFiles/hermes_vi.dir/home/kostas/Desktop/Pico-SDK/pico-sdk/src/rp2_common/pico_standard_link/binary_info.c.obj
 .rodata.crlf_str.0
                0x10007904        0x2 CMakeFiles/hermes_vi.dir/home/kostas/Desktop/Pico-SDK/pico-sdk/src/rp2_common/pico_stdio/stdio.c.obj
 *fill*         0x10007906        0x2 
 .rodata._resetd_driver
                0x10007908       0x18 CMakeFiles/hermes_vi.dir/home/kostas/Desktop/Pico-SDK/pico-sdk/src/rp2_common/pico_stdio_usb/reset_interface.c.obj
 .rodata.str1.4
                0x10007920       0x13 CMakeFiles/hermes_vi.dir/home/kostas/Desktop/Pico-SDK/pico-sdk/src/rp2_common/pico_stdio_usb/stdio_usb.c.obj
 *fill*         0x10007933        0x1 
 .rodata.__bi_182.0
                0x10007934        0xc CMakeFiles/hermes_vi.dir/home/kostas/Desktop/Pico-SDK/pico-sdk/src/rp2_common/pico_stdio_usb/stdio_usb.c.obj
 .rodata.str1.4
                0x10007940       0x2a CMakeFiles/hermes_vi.dir/home/kostas/Desktop/Pico-SDK/pico-sdk/src/rp2_common/pico_stdio_usb/stdio_usb_descriptors.c.obj
 *fill*         0x1000796a        0x2 
 .rodata.usbd_desc_str
                0x1000796c       0x18 CMakeFiles/hermes_vi.dir/home/kostas/Desktop/Pico-SDK/pico-sdk/src/rp2_common/pico_stdio_usb/stdio_usb_descriptors.c.obj
 .rodata.usbd_desc_cfg
                0x10007984       0x54 CMakeFiles/hermes_vi.dir/home/kostas/Desktop/Pico-SDK/pico-sdk/src/rp2_common/pico_stdio_usb/stdio_usb_descriptors.c.obj
 .rodata.usbd_desc_device
                0x100079d8       0x12 CMakeFiles/hermes_vi.dir/home/kostas/Desktop/Pico-SDK/pico-sdk/src/rp2_common/pico_stdio_usb/stdio_usb_descriptors.c.obj
 *fill*         0x100079ea        0x2 
 .rodata.str1.4
                0x100079ec       0x14 CMakeFiles/hermes_vi.dir/home/kostas/Desktop/Pico-SDK/pico-sdk/lib/tinyusb/src/portable/raspberrypi/rp2040/dcd_rp2040.c.obj
 .rodata.str1.4
                0x10007a00       0x53 CMakeFiles/hermes_vi.dir/home/kostas/Desktop/Pico-SDK/pico-sdk/lib/tinyusb/src/portable/raspberrypi/rp2040/rp2040_usb.c.obj
 *fill*         0x10007a53        0x1 
 .rodata.tud_task_ext
                0x10007a54       0x8c CMakeFiles/hermes_vi.dir/home/kostas/Desktop/Pico-SDK/pico-sdk/lib/tinyusb/src/device/usbd.c.obj
 .rodata._usbd_driver
                0x10007ae0       0x18 CMakeFiles/hermes_vi.dir/home/kostas/Desktop/Pico-SDK/pico-sdk/lib/tinyusb/src/device/usbd.c.obj
                0x10007af8                        . = ALIGN (0x4)
 *(SORT_BY_ALIGNMENT(SORT_BY_NAME(.flashdata*)))
                0x10007af8                        . = ALIGN (0x4)

.ARM.extab
 *(.ARM.extab* .gnu.linkonce.armextab.*)
                0x10007af8                        __exidx_start = .

.ARM.exidx
 *(.ARM.exidx* .gnu.linkonce.armexidx.*)
                0x10007af8                        __exidx_end = .
                0x10007af8                        . = ALIGN (0x4)
                0x10007af8                        __binary_info_start = .

.binary_info    0x10007af8       0x20
 *(.binary_info.keep.*)
 .binary_info.keep.__bi_ptr81
                0x10007af8        0x4 CMakeFiles/hermes_vi.dir/home/kostas/Desktop/Pico-SDK/pico-sdk/src/rp2_common/pico_standard_link/binary_info.c.obj
 .binary_info.keep.__bi_ptr75
                0x10007afc        0x4 CMakeFiles/hermes_vi.dir/home/kostas/Desktop/Pico-SDK/pico-sdk/src/rp2_common/pico_standard_link/binary_info.c.obj
 .binary_info.keep.__bi_ptr50
                0x10007b00        0x4 CMakeFiles/hermes_vi.dir/home/kostas/Desktop/Pico-SDK/pico-sdk/src/rp2_common/pico_standard_link/binary_info.c.obj
 .binary_info.keep.__bi_ptr44
                0x10007b04        0x4 CMakeFiles/hermes_vi.dir/home/kostas/Desktop/Pico-SDK/pico-sdk/src/rp2_common/pico_standard_link/binary_info.c.obj
 .binary_info.keep.__bi_ptr38
                0x10007b08        0x4 CMakeFiles/hermes_vi.dir/home/kostas/Desktop/Pico-SDK/pico-sdk/src/rp2_common/pico_standard_link/binary_info.c.obj
 .binary_info.keep.__bi_ptr30
                0x10007b0c        0x4 CMakeFiles/hermes_vi.dir/home/kostas/Desktop/Pico-SDK/pico-sdk/src/rp2_common/pico_standard_link/binary_info.c.obj
 .binary_info.keep.__bi_ptr22
                0x10007b10        0x4 CMakeFiles/hermes_vi.dir/home/kostas/Desktop/Pico-SDK/pico-sdk/src/rp2_common/pico_standard_link/binary_info.c.obj
 *(.binary_info.*)
 .binary_info.__bi_ptr182
                0x10007b14        0x4 CMakeFiles/hermes_vi.dir/home/kostas/Desktop/Pico-SDK/pico-sdk/src/rp2_common/pico_stdio_usb/stdio_usb.c.obj
                0x10007b18                        __binary_info_end = .

.rel.dyn        0x10007b18        0x0
 .rel.iplt      0x10007b18        0x0 /usr/lib/gcc/arm-none-eabi/12.2.1/thumb/v6-m/nofp/crtbegin.o
                0x10007b18                        . = ALIGN (0x4)

.ram_vector_table
                0x20000000       0xc0
 *(.ram_vector_table)
 .ram_vector_table
                0x20000000       0xc0 CMakeFiles/hermes_vi.dir/home/kostas/Desktop/Pico-SDK/pico-sdk/src/rp2_common/pico_runtime/runtime.c.obj
                0x20000000                ram_vector_table

.data           0x200000c0      0xe78 load address 0x10007b18
                0x200000c0                        __data_start__ = .
 *(vtable)
 *(.time_critical*)
 .time_critical.mutex_enter_blocking
                0x200000c0       0x48 CMakeFiles/hermes_vi.dir/home/kostas/Desktop/Pico-SDK/pico-sdk/src/common/pico_sync/mutex.c.obj
                0x200000c0                mutex_enter_blocking
 .time_critical.mutex_try_enter
                0x20000108       0x40 CMakeFiles/hermes_vi.dir/home/kostas/Desktop/Pico-SDK/pico-sdk/src/common/pico_sync/mutex.c.obj
                0x20000108                mutex_try_enter
 .time_critical.mutex_try_enter_block_until
                0x20000148       0x9c CMakeFiles/hermes_vi.dir/home/kostas/Desktop/Pico-SDK/pico-sdk/src/common/pico_sync/mutex.c.obj
                0x20000148                mutex_try_enter_block_until
 .time_critical.mutex_enter_timeout_ms
                0x200001e4       0x90 CMakeFiles/hermes_vi.dir/home/kostas/Desktop/Pico-SDK/pico-sdk/src/common/pico_sync/mutex.c.obj
                0x200001e4                mutex_enter_timeout_ms
 .time_critical.mutex_exit
                0x20000274       0x28 CMakeFiles/hermes_vi.dir/home/kostas/Desktop/Pico-SDK/pico-sdk/src/common/pico_sync/mutex.c.obj
                0x20000274                mutex_exit
 .time_critical.flash_init_boot2_copyout
                0x2000029c       0x30 CMakeFiles/hermes_vi.dir/home/kostas/Desktop/Pico-SDK/pico-sdk/src/rp2_common/hardware_flash/flash.c.obj
 .time_critical.flash_enable_xip_via_boot2
                0x200002cc        0xc CMakeFiles/hermes_vi.dir/home/kostas/Desktop/Pico-SDK/pico-sdk/src/rp2_common/hardware_flash/flash.c.obj
 .time_critical.flash_cs_force
                0x200002d8       0x38 CMakeFiles/hermes_vi.dir/home/kostas/Desktop/Pico-SDK/pico-sdk/src/rp2_common/hardware_flash/flash.c.obj
 .time_critical.flash_do_cmd
                0x20000310       0xc0 CMakeFiles/hermes_vi.dir/home/kostas/Desktop/Pico-SDK/pico-sdk/src/rp2_common/hardware_flash/flash.c.obj
                0x20000310                flash_do_cmd
 .time_critical.reset_non_control_endpoints
                0x200003d0       0x68 CMakeFiles/hermes_vi.dir/home/kostas/Desktop/Pico-SDK/pico-sdk/lib/tinyusb/src/portable/raspberrypi/rp2040/dcd_rp2040.c.obj
 .time_critical.hw_handle_buff_status
                0x20000438       0xac CMakeFiles/hermes_vi.dir/home/kostas/Desktop/Pico-SDK/pico-sdk/lib/tinyusb/src/portable/raspberrypi/rp2040/dcd_rp2040.c.obj
 .time_critical.dcd_rp2040_irq
                0x200004e4      0x510 CMakeFiles/hermes_vi.dir/home/kostas/Desktop/Pico-SDK/pico-sdk/lib/tinyusb/src/portable/raspberrypi/rp2040/dcd_rp2040.c.obj
 .time_critical.e15_is_bulkin_ep
                0x200009f4       0x28 CMakeFiles/hermes_vi.dir/home/kostas/Desktop/Pico-SDK/pico-sdk/lib/tinyusb/src/portable/raspberrypi/rp2040/rp2040_usb.c.obj
 .time_critical.e15_is_critical_frame_period
                0x20000a1c       0x34 CMakeFiles/hermes_vi.dir/home/kostas/Desktop/Pico-SDK/pico-sdk/lib/tinyusb/src/portable/raspberrypi/rp2040/rp2040_usb.c.obj
 .time_critical.prepare_ep_buffer
                0x20000a50       0x6c CMakeFiles/hermes_vi.dir/home/kostas/Desktop/Pico-SDK/pico-sdk/lib/tinyusb/src/portable/raspberrypi/rp2040/rp2040_usb.c.obj
 .time_critical.sync_ep_buffer
                0x20000abc       0x48 CMakeFiles/hermes_vi.dir/home/kostas/Desktop/Pico-SDK/pico-sdk/lib/tinyusb/src/portable/raspberrypi/rp2040/rp2040_usb.c.obj
 .time_critical._hw_endpoint_xfer_sync
                0x20000b04       0x28 CMakeFiles/hermes_vi.dir/home/kostas/Desktop/Pico-SDK/pico-sdk/lib/tinyusb/src/portable/raspberrypi/rp2040/rp2040_usb.c.obj
 .time_critical.hw_endpoint_reset_transfer
                0x20000b2c        0xc CMakeFiles/hermes_vi.dir/home/kostas/Desktop/Pico-SDK/pico-sdk/lib/tinyusb/src/portable/raspberrypi/rp2040/rp2040_usb.c.obj
                0x20000b2c                hw_endpoint_reset_transfer
 .time_critical._hw_endpoint_buffer_control_update32
                0x20000b38       0x58 CMakeFiles/hermes_vi.dir/home/kostas/Desktop/Pico-SDK/pico-sdk/lib/tinyusb/src/portable/raspberrypi/rp2040/rp2040_usb.c.obj
                0x20000b38                _hw_endpoint_buffer_control_update32
 .time_critical.hw_endpoint_start_next_buffer
                0x20000b90       0x6c CMakeFiles/hermes_vi.dir/home/kostas/Desktop/Pico-SDK/pico-sdk/lib/tinyusb/src/portable/raspberrypi/rp2040/rp2040_usb.c.obj
                0x20000b90                hw_endpoint_start_next_buffer
 .time_critical.hw_endpoint_xfer_continue
                0x20000bfc       0x50 CMakeFiles/hermes_vi.dir/home/kostas/Desktop/Pico-SDK/pico-sdk/lib/tinyusb/src/portable/raspberrypi/rp2040/rp2040_usb.c.obj
                0x20000bfc                hw_endpoint_xfer_continue
 .time_critical.tinyusb
                0x20000c4c      0x170 CMakeFiles/hermes_vi.dir/home/kostas/Desktop/Pico-SDK/pico-sdk/lib/tinyusb/src/device/usbd.c.obj
                0x20000c4c                dcd_event_handler
 *(.text*)
 .text          0x20000dbc        0x4 /usr/lib/gcc/arm-none-eabi/12.2.1/thumb/v6-m/nofp/libgcc.a(_dvmd_tls.o)
                0x20000dbc                __aeabi_ldiv0
                0x20000dbc                __aeabi_idiv0
 .text.__stub   0x20000dc0       0x70 linker stubs
                0x20000e30                        . = ALIGN (0x4)
 *(.rodata*)
                0x20000e30                        . = ALIGN (0x4)
 *(.data*)
 .data.striped_spin_lock_num
                0x20000e30        0x1 CMakeFiles/hermes_vi.dir/home/kostas/Desktop/Pico-SDK/pico-sdk/src/rp2_common/hardware_sync/sync.c.obj
 *fill*         0x20000e31        0x3 
 .data          0x20000e34       0x48 CMakeFiles/hermes_vi.dir/home/kostas/Desktop/Pico-SDK/pico-sdk/src/rp2_common/hardware_irq/irq_handler_chain.S.obj
                0x20000e34                irq_handler_chain_slots
                0x20000e64                irq_handler_chain_first_slot
                0x20000e6e                irq_handler_chain_remove_tail
 .data.default_alarm_pool
                0x20000e7c       0x18 CMakeFiles/hermes_vi.dir/home/kostas/Desktop/Pico-SDK/pico-sdk/src/common/pico_time/time.c.obj
 .data.default_alarm_pool_heap
                0x20000e94       0x10 CMakeFiles/hermes_vi.dir/home/kostas/Desktop/Pico-SDK/pico-sdk/src/common/pico_time/time.c.obj
 *fill*         0x20000ea4        0xc 
 .data.aeabi_bits_funcs
                0x20000eb0       0x10 CMakeFiles/hermes_vi.dir/home/kostas/Desktop/Pico-SDK/pico-sdk/src/rp2_common/pico_bit_ops/bit_ops_aeabi.S.obj
                0x20000eb0                aeabi_bits_funcs
                0x20000ec0                aeabi_bits_funcs_end
 .data.aeabi_mem_funcs
                0x20000ec0       0x10 CMakeFiles/hermes_vi.dir/home/kostas/Desktop/Pico-SDK/pico-sdk/src/rp2_common/pico_mem_ops/mem_ops_aeabi.S.obj
                0x20000ec0                aeabi_mem_funcs
                0x20000ed0                aeabi_mem_funcs_end
 .data.stdio_usb
                0x20000ed0       0x18 CMakeFiles/hermes_vi.dir/home/kostas/Desktop/Pico-SDK/pico-sdk/src/rp2_common/pico_stdio_usb/stdio_usb.c.obj
                0x20000ed0                stdio_usb
 .data.ep_dir_string
                0x20000ee8        0x8 CMakeFiles/hermes_vi.dir/home/kostas/Desktop/Pico-SDK/pico-sdk/lib/tinyusb/src/portable/raspberrypi/rp2040/rp2040_usb.c.obj
                0x20000ee8                ep_dir_string
 .data._usbd_qdef
                0x20000ef0       0x1c CMakeFiles/hermes_vi.dir/home/kostas/Desktop/Pico-SDK/pico-sdk/lib/tinyusb/src/device/usbd.c.obj
                0x20000ef0                _usbd_qdef
 .data._usbd_rhport
                0x20000f0c        0x1 CMakeFiles/hermes_vi.dir/home/kostas/Desktop/Pico-SDK/pico-sdk/lib/tinyusb/src/device/usbd.c.obj
                0x20000f10                        . = ALIGN (0x4)
 *fill*         0x20000f0d        0x3 
 *(.after_data.*)
                0x20000f10                        . = ALIGN (0x4)
                0x20000f10                        PROVIDE (__mutex_array_start = .)
 *(SORT_BY_NAME(.mutex_array.*))
 *(.mutex_array)
 .mutex_array   0x20000f10        0x8 CMakeFiles/hermes_vi.dir/home/kostas/Desktop/Pico-SDK/pico-sdk/src/rp2_common/pico_malloc/pico_malloc.c.obj
 .mutex_array   0x20000f18        0x8 CMakeFiles/hermes_vi.dir/home/kostas/Desktop/Pico-SDK/pico-sdk/src/rp2_common/pico_stdio/stdio.c.obj
                0x20000f20                        PROVIDE (__mutex_array_end = .)
                0x20000f20                        . = ALIGN (0x4)
                0x20000f20                        PROVIDE (__preinit_array_start = .)
 *(SORT_BY_NAME(.preinit_array.*))
 .preinit_array.00001
                0x20000f20        0x4 CMakeFiles/hermes_vi.dir/home/kostas/Desktop/Pico-SDK/pico-sdk/src/rp2_common/pico_mem_ops/mem_ops_aeabi.S.obj
 .preinit_array.00010
                0x20000f24        0x4 CMakeFiles/hermes_vi.dir/home/kostas/Desktop/Pico-SDK/pico-sdk/src/rp2_common/pico_bit_ops/bit_ops_aeabi.S.obj
 .preinit_array.00020
                0x20000f28        0x4 CMakeFiles/hermes_vi.dir/home/kostas/Desktop/Pico-SDK/pico-sdk/src/rp2_common/pico_double/double_aeabi.S.obj
 .preinit_array.00020
                0x20000f2c        0x4 CMakeFiles/hermes_vi.dir/home/kostas/Desktop/Pico-SDK/pico-sdk/src/rp2_common/pico_float/float_aeabi.S.obj
 *(.preinit_array)
                0x20000f30                        PROVIDE (__preinit_array_end = .)
                0x20000f30                        . = ALIGN (0x4)
                0x20000f30                        PROVIDE (__init_array_start = .)
 *(SORT_BY_NAME(.init_array.*))
 *(.init_array)
 .init_array    0x20000f30        0x4 /usr/lib/gcc/arm-none-eabi/12.2.1/thumb/v6-m/nofp/crtbegin.o
 .init_array    0x20000f34        0x4 CMakeFiles/hermes_vi.dir/home/kostas/Desktop/Pico-SDK/pico-sdk/src/rp2_common/pico_unique_id/unique_id.c.obj
                0x20000f38                        PROVIDE (__init_array_end = .)
                0x20000f38                        . = ALIGN (0x4)
                0x20000f38                        PROVIDE (__fini_array_start = .)
 *(SORT_BY_NAME(.fini_array.*))
 *(.fini_array)
                0x20000f38                        PROVIDE (__fini_array_end = .)
 *(.jcr)
                0x20000f38                        . = ALIGN (0x4)
                0x20000f38                        __data_end__ = .
                0x10007b18                        __etext = LOADADDR (.data)

.tm_clone_table
                0x20000f38        0x0 load address 0x10008990
 .tm_clone_table
                0x20000f38        0x0 /usr/lib/gcc/arm-none-eabi/12.2.1/thumb/v6-m/nofp/crtbegin.o
 .tm_clone_table
                0x20000f38        0x0 /usr/lib/gcc/arm-none-eabi/12.2.1/thumb/v6-m/nofp/crtend.o

.igot.plt       0x20000f38        0x0 load address 0x10008990
 .igot.plt      0x20000f38        0x0 /usr/lib/gcc/arm-none-eabi/12.2.1/thumb/v6-m/nofp/crtbegin.o

.uninitialized_data
                0x20000f38        0x0 load address 0x10008990
                0x20000f38                        . = ALIGN (0x4)
 *(.uninitialized_data*)

.scratch_x      0x20040000        0x0 load address 0x10008990
                0x20040000                        __scratch_x_start__ = .
 *(.scratch_x.*)
                0x20040000                        . = ALIGN (0x4)
                0x20040000                        __scratch_x_end__ = .
                0x10008990                        __scratch_x_source__ = LOADADDR (.scratch_x)

.scratch_y      0x20041000        0x0 load address 0x10008990
                0x20041000                        __scratch_y_start__ = .
 *(.scratch_y.*)
                0x20041000                        . = ALIGN (0x4)
                0x20041000                        __scratch_y_end__ = .
                0x10008990                        __scratch_y_source__ = LOADADDR (.scratch_y)

.bss            0x20000f38      0xe18
                0x20000f38                        . = ALIGN (0x4)
                0x20000f38                        __bss_start__ = .
 *(SORT_BY_ALIGNMENT(SORT_BY_NAME(.bss*)))
 .bss.configured_freq
                0x20000f38       0x28 CMakeFiles/hermes_vi.dir/home/kostas/Desktop/Pico-SDK/pico-sdk/src/rp2_common/hardware_clocks/clocks.c.obj
 .bss.control_pin_end
                0x20000f60        0x8 CMakeFiles/hermes_vi.dir/src/receiver.c.obj
                0x20000f60                control_pin_end
 .bss.control_pin_start
                0x20000f68        0x8 CMakeFiles/hermes_vi.dir/src/receiver.c.obj
                0x20000f68                control_pin_start
 .bss.counter   0x20000f70        0x8 CMakeFiles/hermes_vi.dir/src/main.c.obj
                0x20000f70                counter
 .bss.counter2  0x20000f78        0x8 CMakeFiles/hermes_vi.dir/src/main.c.obj
                0x20000f78                counter2
 .bss.default_alarm_pool_entries
                0x20000f80      0x100 CMakeFiles/hermes_vi.dir/home/kostas/Desktop/Pico-SDK/pico-sdk/src/common/pico_time/time.c.obj
 .bss.hermes    0x20001080       0x20 CMakeFiles/hermes_vi.dir/src/main.c.obj
                0x20001080                hermes
 .bss.last_avail_time.1
                0x200010a0        0x8 CMakeFiles/hermes_vi.dir/home/kostas/Desktop/Pico-SDK/pico-sdk/src/rp2_common/pico_stdio_usb/stdio_usb.c.obj
 .bss.receive_pin_end
                0x200010a8        0x8 CMakeFiles/hermes_vi.dir/src/receiver.c.obj
                0x200010a8                receive_pin_end
 .bss.receive_pin_start
                0x200010b0        0x8 CMakeFiles/hermes_vi.dir/src/receiver.c.obj
                0x200010b0                receive_pin_start
 .bss.sd_table  0x200010b8      0x100 CMakeFiles/hermes_vi.dir/home/kostas/Desktop/Pico-SDK/pico-sdk/src/rp2_common/pico_double/double_init_rom.c.obj
                0x200010b8                sd_table
 .bss.sf_table  0x200011b8      0x100 CMakeFiles/hermes_vi.dir/home/kostas/Desktop/Pico-SDK/pico-sdk/src/rp2_common/pico_float/float_init_rom.c.obj
                0x200011b8                sf_table
 .bss           0x200012b8       0x1c /usr/lib/gcc/arm-none-eabi/12.2.1/thumb/v6-m/nofp/crtbegin.o
 .bss._app_driver
                0x200012d4        0x4 CMakeFiles/hermes_vi.dir/home/kostas/Desktop/Pico-SDK/pico-sdk/lib/tinyusb/src/device/usbd.c.obj
 .bss._cdcd_itf
                0x200012d8      0x2c8 CMakeFiles/hermes_vi.dir/home/kostas/Desktop/Pico-SDK/pico-sdk/lib/tinyusb/src/class/cdc/cdc_device.c.obj
 .bss._ctrl_xfer
                0x200015a0       0x14 CMakeFiles/hermes_vi.dir/home/kostas/Desktop/Pico-SDK/pico-sdk/lib/tinyusb/src/device/usbd_control.c.obj
 .bss._ubsd_mutexdef
                0x200015b4        0x8 CMakeFiles/hermes_vi.dir/home/kostas/Desktop/Pico-SDK/pico-sdk/lib/tinyusb/src/device/usbd.c.obj
 .bss._usbd_ctrl_buf
                0x200015bc       0x40 CMakeFiles/hermes_vi.dir/home/kostas/Desktop/Pico-SDK/pico-sdk/lib/tinyusb/src/device/usbd_control.c.obj
 .bss._usbd_dev
                0x200015fc       0x53 CMakeFiles/hermes_vi.dir/home/kostas/Desktop/Pico-SDK/pico-sdk/lib/tinyusb/src/device/usbd.c.obj
 *fill*         0x2000164f        0x1 
 .bss._usbd_mutex
                0x20001650        0x4 CMakeFiles/hermes_vi.dir/home/kostas/Desktop/Pico-SDK/pico-sdk/lib/tinyusb/src/device/usbd.c.obj
 .bss._usbd_q   0x20001654        0x4 CMakeFiles/hermes_vi.dir/home/kostas/Desktop/Pico-SDK/pico-sdk/lib/tinyusb/src/device/usbd.c.obj
 .bss._usbd_qdef_buf
                0x20001658       0xc0 CMakeFiles/hermes_vi.dir/home/kostas/Desktop/Pico-SDK/pico-sdk/lib/tinyusb/src/device/usbd.c.obj
                0x20001658                _usbd_qdef_buf
 .bss.alarm_callbacks
                0x20001718       0x10 CMakeFiles/hermes_vi.dir/home/kostas/Desktop/Pico-SDK/pico-sdk/src/rp2_common/hardware_timer/timer.c.obj
 .bss.boot2_copyout
                0x20001728      0x100 CMakeFiles/hermes_vi.dir/home/kostas/Desktop/Pico-SDK/pico-sdk/src/rp2_common/hardware_flash/flash.c.obj
 .bss.callbacks
                0x20001828        0x8 CMakeFiles/hermes_vi.dir/home/kostas/Desktop/Pico-SDK/pico-sdk/src/rp2_common/hardware_gpio/gpio.c.obj
 .bss.chars_available_callback
                0x20001830        0x4 CMakeFiles/hermes_vi.dir/home/kostas/Desktop/Pico-SDK/pico-sdk/src/rp2_common/pico_stdio_usb/stdio_usb.c.obj
 .bss.chars_available_param
                0x20001834        0x4 CMakeFiles/hermes_vi.dir/home/kostas/Desktop/Pico-SDK/pico-sdk/src/rp2_common/pico_stdio_usb/stdio_usb.c.obj
 .bss.claimed   0x20001838        0x4 CMakeFiles/hermes_vi.dir/home/kostas/Desktop/Pico-SDK/pico-sdk/src/rp2_common/hardware_sync/sync.c.obj
 .bss.default_alarm_pool_entry_ids_high
                0x2000183c       0x10 CMakeFiles/hermes_vi.dir/home/kostas/Desktop/Pico-SDK/pico-sdk/src/common/pico_time/time.c.obj
 .bss.default_alarm_pool_heap_nodes
                0x2000184c       0x30 CMakeFiles/hermes_vi.dir/home/kostas/Desktop/Pico-SDK/pico-sdk/src/common/pico_time/time.c.obj
 .bss.desc_str.0
                0x2000187c       0x28 CMakeFiles/hermes_vi.dir/home/kostas/Desktop/Pico-SDK/pico-sdk/src/rp2_common/pico_stdio_usb/stdio_usb_descriptors.c.obj
 .bss.drivers   0x200018a4        0x4 CMakeFiles/hermes_vi.dir/home/kostas/Desktop/Pico-SDK/pico-sdk/src/rp2_common/pico_stdio/stdio.c.obj
 .bss.e15_last_sof
                0x200018a8        0x4 CMakeFiles/hermes_vi.dir/home/kostas/Desktop/Pico-SDK/pico-sdk/lib/tinyusb/src/portable/raspberrypi/rp2040/rp2040_usb.c.obj
                0x200018a8                e15_last_sof
 .bss.filter    0x200018ac        0x4 CMakeFiles/hermes_vi.dir/home/kostas/Desktop/Pico-SDK/pico-sdk/src/rp2_common/pico_stdio/stdio.c.obj
 .bss.hw_endpoints
                0x200018b0      0x400 CMakeFiles/hermes_vi.dir/home/kostas/Desktop/Pico-SDK/pico-sdk/lib/tinyusb/src/portable/raspberrypi/rp2040/dcd_rp2040.c.obj
 .bss.integral_sum
                0x20001cb0        0x4 CMakeFiles/hermes_vi.dir/src/control.c.obj
 .bss.lazy_vsnprintf
                0x20001cb4        0x4 CMakeFiles/hermes_vi.dir/home/kostas/Desktop/Pico-SDK/pico-sdk/src/rp2_common/pico_printf/printf.c.obj
 .bss.load_value
                0x20001cb8        0x4 CMakeFiles/hermes_vi.dir/home/kostas/Desktop/Pico-SDK/pico-sdk/src/rp2_common/hardware_watchdog/watchdog.c.obj
 .bss.ma_current_buffer
                0x20001cbc       0x28 CMakeFiles/hermes_vi.dir/src/current.c.obj
 .bss.next_buffer_ptr
                0x20001ce4        0x4 CMakeFiles/hermes_vi.dir/home/kostas/Desktop/Pico-SDK/pico-sdk/lib/tinyusb/src/portable/raspberrypi/rp2040/dcd_rp2040.c.obj
 .bss.one_shot_timer_crit_sec
                0x20001ce8        0x8 CMakeFiles/hermes_vi.dir/home/kostas/Desktop/Pico-SDK/pico-sdk/src/rp2_common/pico_stdio_usb/stdio_usb.c.obj
 .bss.pools     0x20001cf0       0x10 CMakeFiles/hermes_vi.dir/home/kostas/Desktop/Pico-SDK/pico-sdk/src/common/pico_time/time.c.obj
 .bss.raw_irq_mask
                0x20001d00        0x8 CMakeFiles/hermes_vi.dir/home/kostas/Desktop/Pico-SDK/pico-sdk/src/rp2_common/hardware_gpio/gpio.c.obj
 .bss.retrieved_id
                0x20001d08        0x8 CMakeFiles/hermes_vi.dir/home/kostas/Desktop/Pico-SDK/pico-sdk/src/rp2_common/pico_unique_id/unique_id.c.obj
 .bss.sf_clz_func
                0x20001d10        0x4 CMakeFiles/hermes_vi.dir/home/kostas/Desktop/Pico-SDK/pico-sdk/src/rp2_common/pico_double/double_init_rom.c.obj
                0x20001d10                sf_clz_func
 .bss.sleep_notifier
                0x20001d14        0x4 CMakeFiles/hermes_vi.dir/home/kostas/Desktop/Pico-SDK/pico-sdk/src/common/pico_time/time.c.obj
 .bss.stdio_usb_mutex
                0x20001d18        0x8 CMakeFiles/hermes_vi.dir/home/kostas/Desktop/Pico-SDK/pico-sdk/src/rp2_common/pico_stdio_usb/stdio_usb.c.obj
 .bss.target_hi
                0x20001d20       0x10 CMakeFiles/hermes_vi.dir/home/kostas/Desktop/Pico-SDK/pico-sdk/src/rp2_common/hardware_timer/timer.c.obj
 .bss.usbd_serial_str
                0x20001d30       0x11 CMakeFiles/hermes_vi.dir/home/kostas/Desktop/Pico-SDK/pico-sdk/src/rp2_common/pico_stdio_usb/stdio_usb_descriptors.c.obj
 *fill*         0x20001d41        0x1 
 .bss.ma_buffer_index
                0x20001d42        0x2 CMakeFiles/hermes_vi.dir/src/current.c.obj
 .bss._app_driver_count
                0x20001d44        0x1 CMakeFiles/hermes_vi.dir/home/kostas/Desktop/Pico-SDK/pico-sdk/lib/tinyusb/src/device/usbd.c.obj
 .bss._sof_enable
                0x20001d45        0x1 CMakeFiles/hermes_vi.dir/home/kostas/Desktop/Pico-SDK/pico-sdk/lib/tinyusb/src/portable/raspberrypi/rp2040/dcd_rp2040.c.obj
 .bss.boot2_copyout_valid
                0x20001d46        0x1 CMakeFiles/hermes_vi.dir/home/kostas/Desktop/Pico-SDK/pico-sdk/src/rp2_common/hardware_flash/flash.c.obj
 .bss.claimed   0x20001d47        0x1 CMakeFiles/hermes_vi.dir/home/kostas/Desktop/Pico-SDK/pico-sdk/src/rp2_common/hardware_timer/timer.c.obj
 .bss.irq_hander_chain_free_slot_head
                0x20001d48        0x1 CMakeFiles/hermes_vi.dir/home/kostas/Desktop/Pico-SDK/pico-sdk/src/rp2_common/hardware_irq/irq.c.obj
 .bss.itf_num   0x20001d49        0x1 CMakeFiles/hermes_vi.dir/home/kostas/Desktop/Pico-SDK/pico-sdk/src/rp2_common/pico_stdio_usb/reset_interface.c.obj
 .bss.low_priority_irq_num
                0x20001d4a        0x1 CMakeFiles/hermes_vi.dir/home/kostas/Desktop/Pico-SDK/pico-sdk/src/rp2_common/pico_stdio_usb/stdio_usb.c.obj
 .bss.one_shot_timer_pending
                0x20001d4b        0x1 CMakeFiles/hermes_vi.dir/home/kostas/Desktop/Pico-SDK/pico-sdk/src/rp2_common/pico_stdio_usb/stdio_usb.c.obj
 .bss.timer_callbacks_pending
                0x20001d4c        0x1 CMakeFiles/hermes_vi.dir/home/kostas/Desktop/Pico-SDK/pico-sdk/src/rp2_common/hardware_timer/timer.c.obj
 .bss.user_irq_claimed
                0x20001d4d        0x1 CMakeFiles/hermes_vi.dir/home/kostas/Desktop/Pico-SDK/pico-sdk/src/rp2_common/hardware_irq/irq.c.obj
 *(COMMON)
                0x20001d50                        . = ALIGN (0x4)
 *fill*         0x20001d4e        0x2 
                0x20001d50                        __bss_end__ = .

.heap           0x20001d50      0x800
                0x20001d50                        __end__ = .
                0x20001d50                        end = __end__
 *(.heap*)
 .heap          0x20001d50      0x800 CMakeFiles/hermes_vi.dir/home/kostas/Desktop/Pico-SDK/pico-sdk/src/rp2_common/pico_standard_link/crt0.S.obj
                0x20002550                        __HeapLimit = .

.stack1_dummy   0x20040000      0x800
 *(.stack1*)
 .stack1        0x20040000      0x800 CMakeFiles/hermes_vi.dir/home/kostas/Desktop/Pico-SDK/pico-sdk/src/rp2_common/pico_multicore/multicore.c.obj

.stack_dummy    0x20041000      0x800
 *(.stack*)
 .stack         0x20041000      0x800 CMakeFiles/hermes_vi.dir/home/kostas/Desktop/Pico-SDK/pico-sdk/src/rp2_common/pico_standard_link/crt0.S.obj

.flash_end      0x10008990        0x0
                0x10008990                        PROVIDE (__flash_binary_end = .)
                0x20040000                        __StackLimit = (ORIGIN (RAM) + LENGTH (RAM))
                0x20041000                        __StackOneTop = (ORIGIN (SCRATCH_X) + LENGTH (SCRATCH_X))
                0x20042000                        __StackTop = (ORIGIN (SCRATCH_Y) + LENGTH (SCRATCH_Y))
                0x20040800                        __StackOneBottom = (__StackOneTop - SIZEOF (.stack1_dummy))
                0x20041800                        __StackBottom = (__StackTop - SIZEOF (.stack_dummy))
                0x20042000                        PROVIDE (__stack = __StackTop)
                0x00000001                        ASSERT ((__StackLimit >= __HeapLimit), region RAM overflowed)
                0x00000001                        ASSERT (((__binary_info_header_end - __logical_binary_start) <= 0x100), Binary info must be in first 256 bytes of the binary)
LOAD CMakeFiles/hermes_vi.dir/src/main.c.obj
LOAD CMakeFiles/hermes_vi.dir/src/current.c.obj
LOAD CMakeFiles/hermes_vi.dir/src/hermes.c.obj
LOAD CMakeFiles/hermes_vi.dir/src/receiver.c.obj
LOAD CMakeFiles/hermes_vi.dir/src/control.c.obj
LOAD CMakeFiles/hermes_vi.dir/home/kostas/Desktop/Pico-SDK/pico-sdk/src/rp2_common/pico_stdlib/stdlib.c.obj
LOAD CMakeFiles/hermes_vi.dir/home/kostas/Desktop/Pico-SDK/pico-sdk/src/rp2_common/hardware_gpio/gpio.c.obj
LOAD CMakeFiles/hermes_vi.dir/home/kostas/Desktop/Pico-SDK/pico-sdk/src/rp2_common/pico_platform/platform.c.obj
LOAD CMakeFiles/hermes_vi.dir/home/kostas/Desktop/Pico-SDK/pico-sdk/src/rp2_common/hardware_claim/claim.c.obj
LOAD CMakeFiles/hermes_vi.dir/home/kostas/Desktop/Pico-SDK/pico-sdk/src/rp2_common/hardware_sync/sync.c.obj
LOAD CMakeFiles/hermes_vi.dir/home/kostas/Desktop/Pico-SDK/pico-sdk/src/rp2_common/hardware_irq/irq.c.obj
LOAD CMakeFiles/hermes_vi.dir/home/kostas/Desktop/Pico-SDK/pico-sdk/src/rp2_common/hardware_irq/irq_handler_chain.S.obj
LOAD CMakeFiles/hermes_vi.dir/home/kostas/Desktop/Pico-SDK/pico-sdk/src/common/pico_sync/sem.c.obj
LOAD CMakeFiles/hermes_vi.dir/home/kostas/Desktop/Pico-SDK/pico-sdk/src/common/pico_sync/lock_core.c.obj
LOAD CMakeFiles/hermes_vi.dir/home/kostas/Desktop/Pico-SDK/pico-sdk/src/common/pico_sync/mutex.c.obj
LOAD CMakeFiles/hermes_vi.dir/home/kostas/Desktop/Pico-SDK/pico-sdk/src/common/pico_sync/critical_section.c.obj
LOAD CMakeFiles/hermes_vi.dir/home/kostas/Desktop/Pico-SDK/pico-sdk/src/common/pico_time/time.c.obj
LOAD CMakeFiles/hermes_vi.dir/home/kostas/Desktop/Pico-SDK/pico-sdk/src/common/pico_time/timeout_helper.c.obj
LOAD CMakeFiles/hermes_vi.dir/home/kostas/Desktop/Pico-SDK/pico-sdk/src/rp2_common/hardware_timer/timer.c.obj
LOAD CMakeFiles/hermes_vi.dir/home/kostas/Desktop/Pico-SDK/pico-sdk/src/common/pico_util/datetime.c.obj
LOAD CMakeFiles/hermes_vi.dir/home/kostas/Desktop/Pico-SDK/pico-sdk/src/common/pico_util/pheap.c.obj
LOAD CMakeFiles/hermes_vi.dir/home/kostas/Desktop/Pico-SDK/pico-sdk/src/common/pico_util/queue.c.obj
LOAD CMakeFiles/hermes_vi.dir/home/kostas/Desktop/Pico-SDK/pico-sdk/src/rp2_common/hardware_uart/uart.c.obj
LOAD CMakeFiles/hermes_vi.dir/home/kostas/Desktop/Pico-SDK/pico-sdk/src/rp2_common/hardware_clocks/clocks.c.obj
LOAD CMakeFiles/hermes_vi.dir/home/kostas/Desktop/Pico-SDK/pico-sdk/src/rp2_common/hardware_pll/pll.c.obj
LOAD CMakeFiles/hermes_vi.dir/home/kostas/Desktop/Pico-SDK/pico-sdk/src/rp2_common/hardware_vreg/vreg.c.obj
LOAD CMakeFiles/hermes_vi.dir/home/kostas/Desktop/Pico-SDK/pico-sdk/src/rp2_common/hardware_watchdog/watchdog.c.obj
LOAD CMakeFiles/hermes_vi.dir/home/kostas/Desktop/Pico-SDK/pico-sdk/src/rp2_common/hardware_xosc/xosc.c.obj
LOAD CMakeFiles/hermes_vi.dir/home/kostas/Desktop/Pico-SDK/pico-sdk/src/rp2_common/hardware_divider/divider.S.obj
LOAD CMakeFiles/hermes_vi.dir/home/kostas/Desktop/Pico-SDK/pico-sdk/src/rp2_common/pico_runtime/runtime.c.obj
LOAD CMakeFiles/hermes_vi.dir/home/kostas/Desktop/Pico-SDK/pico-sdk/src/rp2_common/pico_printf/printf.c.obj
LOAD CMakeFiles/hermes_vi.dir/home/kostas/Desktop/Pico-SDK/pico-sdk/src/rp2_common/pico_bit_ops/bit_ops_aeabi.S.obj
LOAD CMakeFiles/hermes_vi.dir/home/kostas/Desktop/Pico-SDK/pico-sdk/src/rp2_common/pico_bootrom/bootrom.c.obj
LOAD CMakeFiles/hermes_vi.dir/home/kostas/Desktop/Pico-SDK/pico-sdk/src/rp2_common/pico_divider/divider.S.obj
LOAD CMakeFiles/hermes_vi.dir/home/kostas/Desktop/Pico-SDK/pico-sdk/src/rp2_common/pico_double/double_aeabi.S.obj
LOAD CMakeFiles/hermes_vi.dir/home/kostas/Desktop/Pico-SDK/pico-sdk/src/rp2_common/pico_double/double_init_rom.c.obj
LOAD CMakeFiles/hermes_vi.dir/home/kostas/Desktop/Pico-SDK/pico-sdk/src/rp2_common/pico_double/double_math.c.obj
LOAD CMakeFiles/hermes_vi.dir/home/kostas/Desktop/Pico-SDK/pico-sdk/src/rp2_common/pico_double/double_v1_rom_shim.S.obj
LOAD CMakeFiles/hermes_vi.dir/home/kostas/Desktop/Pico-SDK/pico-sdk/src/rp2_common/pico_int64_ops/pico_int64_ops_aeabi.S.obj
LOAD CMakeFiles/hermes_vi.dir/home/kostas/Desktop/Pico-SDK/pico-sdk/src/rp2_common/pico_float/float_aeabi.S.obj
LOAD CMakeFiles/hermes_vi.dir/home/kostas/Desktop/Pico-SDK/pico-sdk/src/rp2_common/pico_float/float_init_rom.c.obj
LOAD CMakeFiles/hermes_vi.dir/home/kostas/Desktop/Pico-SDK/pico-sdk/src/rp2_common/pico_float/float_math.c.obj
LOAD CMakeFiles/hermes_vi.dir/home/kostas/Desktop/Pico-SDK/pico-sdk/src/rp2_common/pico_float/float_v1_rom_shim.S.obj
LOAD CMakeFiles/hermes_vi.dir/home/kostas/Desktop/Pico-SDK/pico-sdk/src/rp2_common/pico_malloc/pico_malloc.c.obj
LOAD CMakeFiles/hermes_vi.dir/home/kostas/Desktop/Pico-SDK/pico-sdk/src/rp2_common/pico_mem_ops/mem_ops_aeabi.S.obj
LOAD CMakeFiles/hermes_vi.dir/home/kostas/Desktop/Pico-SDK/pico-sdk/src/rp2_common/pico_standard_link/crt0.S.obj
LOAD CMakeFiles/hermes_vi.dir/home/kostas/Desktop/Pico-SDK/pico-sdk/src/rp2_common/pico_standard_link/new_delete.cpp.obj
LOAD CMakeFiles/hermes_vi.dir/home/kostas/Desktop/Pico-SDK/pico-sdk/src/rp2_common/pico_standard_link/binary_info.c.obj
LOAD CMakeFiles/hermes_vi.dir/home/kostas/Desktop/Pico-SDK/pico-sdk/src/rp2_common/pico_stdio/stdio.c.obj
LOAD CMakeFiles/hermes_vi.dir/home/kostas/Desktop/Pico-SDK/pico-sdk/src/rp2_common/pico_stdio_usb/reset_interface.c.obj
LOAD CMakeFiles/hermes_vi.dir/home/kostas/Desktop/Pico-SDK/pico-sdk/src/rp2_common/pico_stdio_usb/stdio_usb.c.obj
LOAD CMakeFiles/hermes_vi.dir/home/kostas/Desktop/Pico-SDK/pico-sdk/src/rp2_common/pico_stdio_usb/stdio_usb_descriptors.c.obj
LOAD CMakeFiles/hermes_vi.dir/home/kostas/Desktop/Pico-SDK/pico-sdk/src/rp2_common/pico_unique_id/unique_id.c.obj
LOAD CMakeFiles/hermes_vi.dir/home/kostas/Desktop/Pico-SDK/pico-sdk/src/rp2_common/hardware_flash/flash.c.obj
LOAD CMakeFiles/hermes_vi.dir/home/kostas/Desktop/Pico-SDK/pico-sdk/lib/tinyusb/src/portable/raspberrypi/rp2040/dcd_rp2040.c.obj
LOAD CMakeFiles/hermes_vi.dir/home/kostas/Desktop/Pico-SDK/pico-sdk/lib/tinyusb/src/portable/raspberrypi/rp2040/rp2040_usb.c.obj
LOAD CMakeFiles/hermes_vi.dir/home/kostas/Desktop/Pico-SDK/pico-sdk/lib/tinyusb/src/device/usbd.c.obj
LOAD CMakeFiles/hermes_vi.dir/home/kostas/Desktop/Pico-SDK/pico-sdk/lib/tinyusb/src/device/usbd_control.c.obj
LOAD CMakeFiles/hermes_vi.dir/home/kostas/Desktop/Pico-SDK/pico-sdk/lib/tinyusb/src/class/audio/audio_device.c.obj
LOAD CMakeFiles/hermes_vi.dir/home/kostas/Desktop/Pico-SDK/pico-sdk/lib/tinyusb/src/class/cdc/cdc_device.c.obj
LOAD CMakeFiles/hermes_vi.dir/home/kostas/Desktop/Pico-SDK/pico-sdk/lib/tinyusb/src/class/dfu/dfu_device.c.obj
LOAD CMakeFiles/hermes_vi.dir/home/kostas/Desktop/Pico-SDK/pico-sdk/lib/tinyusb/src/class/dfu/dfu_rt_device.c.obj
LOAD CMakeFiles/hermes_vi.dir/home/kostas/Desktop/Pico-SDK/pico-sdk/lib/tinyusb/src/class/hid/hid_device.c.obj
LOAD CMakeFiles/hermes_vi.dir/home/kostas/Desktop/Pico-SDK/pico-sdk/lib/tinyusb/src/class/midi/midi_device.c.obj
LOAD CMakeFiles/hermes_vi.dir/home/kostas/Desktop/Pico-SDK/pico-sdk/lib/tinyusb/src/class/msc/msc_device.c.obj
LOAD CMakeFiles/hermes_vi.dir/home/kostas/Desktop/Pico-SDK/pico-sdk/lib/tinyusb/src/class/net/ecm_rndis_device.c.obj
LOAD CMakeFiles/hermes_vi.dir/home/kostas/Desktop/Pico-SDK/pico-sdk/lib/tinyusb/src/class/net/ncm_device.c.obj